<?xml version="1.0" encoding="ISO-8859-1" ?>
<link_info>
   <banner>TMS320C2000 Linker PC v22.6.1.LTS</banner>
   <copyright>Copyright (c) 1996-2018 Texas Instruments Incorporated</copyright>
   <link_time>0x6851725e</link_time>
   <link_errors>0x1</link_errors>
   <output_file>mcan_ex8_range_filter_receive.out</output_file>
   <entry_point>
      <name>code_start</name>
      <address>0x0</address>
   </entry_point>
   <input_file_list>
      <input_file id="fl-2">
         <path>.\syscfg\</path>
         <kind>object</kind>
         <file>board.obj</file>
         <name>board.obj</name>
      </input_file>
      <input_file id="fl-3">
         <path>.\syscfg\</path>
         <kind>object</kind>
         <file>c2000ware_libraries.obj</file>
         <name>c2000ware_libraries.obj</name>
      </input_file>
      <input_file id="fl-4">
         <path>.\</path>
         <kind>object</kind>
         <file>mcan_ex8_range_filter_receive.obj</file>
         <name>mcan_ex8_range_filter_receive.obj</name>
      </input_file>
      <input_file id="fl-5">
         <path>.\device\</path>
         <kind>object</kind>
         <file>device.obj</file>
         <name>device.obj</name>
      </input_file>
      <input_file id="fl-6">
         <path>.\device\</path>
         <kind>object</kind>
         <file>f2838x_codestartbranch.obj</file>
         <name>f2838x_codestartbranch.obj</name>
      </input_file>
      <input_file id="fl-c">
         <kind>object</kind>
         <file>&lt;internal&gt;</file>
         <name>&lt;internal&gt;</name>
      </input_file>
      <input_file id="fl-d">
         <path>C:\ti\C2000Ware_5_04_00_00\driverlib\f2838x\driverlib\ccs\Debug\</path>
         <kind>archive</kind>
         <file>driverlib.lib</file>
         <name>dcc.obj</name>
      </input_file>
      <input_file id="fl-e">
         <path>C:\ti\C2000Ware_5_04_00_00\driverlib\f2838x\driverlib\ccs\Debug\</path>
         <kind>archive</kind>
         <file>driverlib.lib</file>
         <name>gpio.obj</name>
      </input_file>
      <input_file id="fl-f">
         <path>C:\ti\C2000Ware_5_04_00_00\driverlib\f2838x\driverlib\ccs\Debug\</path>
         <kind>archive</kind>
         <file>driverlib.lib</file>
         <name>interrupt.obj</name>
      </input_file>
      <input_file id="fl-10">
         <path>C:\ti\C2000Ware_5_04_00_00\driverlib\f2838x\driverlib\ccs\Debug\</path>
         <kind>archive</kind>
         <file>driverlib.lib</file>
         <name>ipc.obj</name>
      </input_file>
      <input_file id="fl-11">
         <path>C:\ti\C2000Ware_5_04_00_00\driverlib\f2838x\driverlib\ccs\Debug\</path>
         <kind>archive</kind>
         <file>driverlib.lib</file>
         <name>mcan.obj</name>
      </input_file>
      <input_file id="fl-12">
         <path>C:\ti\C2000Ware_5_04_00_00\driverlib\f2838x\driverlib\ccs\Debug\</path>
         <kind>archive</kind>
         <file>driverlib.lib</file>
         <name>sysctl.obj</name>
      </input_file>
      <input_file id="fl-1e">
         <path>C:\ti\ccs2011\ccs\tools\compiler\ti-cgt-c2000_22.6.1.LTS\lib\</path>
         <kind>archive</kind>
         <file>rts2800_fpu64_eabi.lib</file>
         <name>printf.c.obj</name>
      </input_file>
      <input_file id="fl-1f">
         <path>C:\ti\ccs2011\ccs\tools\compiler\ti-cgt-c2000_22.6.1.LTS\lib\</path>
         <kind>archive</kind>
         <file>rts2800_fpu64_eabi.lib</file>
         <name>_printfi.c.obj</name>
      </input_file>
      <input_file id="fl-20">
         <path>C:\ti\ccs2011\ccs\tools\compiler\ti-cgt-c2000_22.6.1.LTS\lib\</path>
         <kind>archive</kind>
         <file>rts2800_fpu64_eabi.lib</file>
         <name>fflush.c.obj</name>
      </input_file>
      <input_file id="fl-21">
         <path>C:\ti\ccs2011\ccs\tools\compiler\ti-cgt-c2000_22.6.1.LTS\lib\</path>
         <kind>archive</kind>
         <file>rts2800_fpu64_eabi.lib</file>
         <name>fputc.c.obj</name>
      </input_file>
      <input_file id="fl-22">
         <path>C:\ti\ccs2011\ccs\tools\compiler\ti-cgt-c2000_22.6.1.LTS\lib\</path>
         <kind>archive</kind>
         <file>rts2800_fpu64_eabi.lib</file>
         <name>fputs.c.obj</name>
      </input_file>
      <input_file id="fl-23">
         <path>C:\ti\ccs2011\ccs\tools\compiler\ti-cgt-c2000_22.6.1.LTS\lib\</path>
         <kind>archive</kind>
         <file>rts2800_fpu64_eabi.lib</file>
         <name>_io_perm.c.obj</name>
      </input_file>
      <input_file id="fl-24">
         <path>C:\ti\ccs2011\ccs\tools\compiler\ti-cgt-c2000_22.6.1.LTS\lib\</path>
         <kind>archive</kind>
         <file>rts2800_fpu64_eabi.lib</file>
         <name>setvbuf.c.obj</name>
      </input_file>
      <input_file id="fl-25">
         <path>C:\ti\ccs2011\ccs\tools\compiler\ti-cgt-c2000_22.6.1.LTS\lib\</path>
         <kind>archive</kind>
         <file>rts2800_fpu64_eabi.lib</file>
         <name>boot28.asm.obj</name>
      </input_file>
      <input_file id="fl-26">
         <path>C:\ti\ccs2011\ccs\tools\compiler\ti-cgt-c2000_22.6.1.LTS\lib\</path>
         <kind>archive</kind>
         <file>rts2800_fpu64_eabi.lib</file>
         <name>fs_div28.asm.obj</name>
      </input_file>
      <input_file id="fl-27">
         <path>C:\ti\ccs2011\ccs\tools\compiler\ti-cgt-c2000_22.6.1.LTS\lib\</path>
         <kind>archive</kind>
         <file>rts2800_fpu64_eabi.lib</file>
         <name>ll_aox28.asm.obj</name>
      </input_file>
      <input_file id="fl-28">
         <path>C:\ti\ccs2011\ccs\tools\compiler\ti-cgt-c2000_22.6.1.LTS\lib\</path>
         <kind>archive</kind>
         <file>rts2800_fpu64_eabi.lib</file>
         <name>ll_cmp28.asm.obj</name>
      </input_file>
      <input_file id="fl-29">
         <path>C:\ti\ccs2011\ccs\tools\compiler\ti-cgt-c2000_22.6.1.LTS\lib\</path>
         <kind>archive</kind>
         <file>rts2800_fpu64_eabi.lib</file>
         <name>ll_div28.asm.obj</name>
      </input_file>
      <input_file id="fl-2a">
         <path>C:\ti\ccs2011\ccs\tools\compiler\ti-cgt-c2000_22.6.1.LTS\lib\</path>
         <kind>archive</kind>
         <file>rts2800_fpu64_eabi.lib</file>
         <name>memcpy.c.obj</name>
      </input_file>
      <input_file id="fl-2b">
         <path>C:\ti\ccs2011\ccs\tools\compiler\ti-cgt-c2000_22.6.1.LTS\lib\</path>
         <kind>archive</kind>
         <file>rts2800_fpu64_eabi.lib</file>
         <name>pre_init.c.obj</name>
      </input_file>
      <input_file id="fl-2c">
         <path>C:\ti\ccs2011\ccs\tools\compiler\ti-cgt-c2000_22.6.1.LTS\lib\</path>
         <kind>archive</kind>
         <file>rts2800_fpu64_eabi.lib</file>
         <name>autoinit.c.obj</name>
      </input_file>
      <input_file id="fl-2d">
         <path>C:\ti\ccs2011\ccs\tools\compiler\ti-cgt-c2000_22.6.1.LTS\lib\</path>
         <kind>archive</kind>
         <file>rts2800_fpu64_eabi.lib</file>
         <name>copy_zero_init.c.obj</name>
      </input_file>
      <input_file id="fl-2e">
         <path>C:\ti\ccs2011\ccs\tools\compiler\ti-cgt-c2000_22.6.1.LTS\lib\</path>
         <kind>archive</kind>
         <file>rts2800_fpu64_eabi.lib</file>
         <name>copy_decompress_none.c.obj</name>
      </input_file>
      <input_file id="fl-2f">
         <path>C:\ti\ccs2011\ccs\tools\compiler\ti-cgt-c2000_22.6.1.LTS\lib\</path>
         <kind>archive</kind>
         <file>rts2800_fpu64_eabi.lib</file>
         <name>copy_decompress_lzss.c.obj</name>
      </input_file>
      <input_file id="fl-30">
         <path>C:\ti\ccs2011\ccs\tools\compiler\ti-cgt-c2000_22.6.1.LTS\lib\</path>
         <kind>archive</kind>
         <file>rts2800_fpu64_eabi.lib</file>
         <name>exit.c.obj</name>
      </input_file>
      <input_file id="fl-31">
         <path>C:\ti\ccs2011\ccs\tools\compiler\ti-cgt-c2000_22.6.1.LTS\lib\</path>
         <kind>archive</kind>
         <file>rts2800_fpu64_eabi.lib</file>
         <name>_lock.c.obj</name>
      </input_file>
      <input_file id="fl-32">
         <path>C:\ti\ccs2011\ccs\tools\compiler\ti-cgt-c2000_22.6.1.LTS\lib\</path>
         <kind>archive</kind>
         <file>rts2800_fpu64_eabi.lib</file>
         <name>_ltoa.c.obj</name>
      </input_file>
      <input_file id="fl-33">
         <path>C:\ti\ccs2011\ccs\tools\compiler\ti-cgt-c2000_22.6.1.LTS\lib\</path>
         <kind>archive</kind>
         <file>rts2800_fpu64_eabi.lib</file>
         <name>args_main.c.obj</name>
      </input_file>
      <input_file id="fl-34">
         <path>C:\ti\ccs2011\ccs\tools\compiler\ti-cgt-c2000_22.6.1.LTS\lib\</path>
         <kind>archive</kind>
         <file>rts2800_fpu64_eabi.lib</file>
         <name>atoi.c.obj</name>
      </input_file>
      <input_file id="fl-35">
         <path>C:\ti\ccs2011\ccs\tools\compiler\ti-cgt-c2000_22.6.1.LTS\lib\</path>
         <kind>archive</kind>
         <file>rts2800_fpu64_eabi.lib</file>
         <name>ctype.c.obj</name>
      </input_file>
      <input_file id="fl-36">
         <path>C:\ti\ccs2011\ccs\tools\compiler\ti-cgt-c2000_22.6.1.LTS\lib\</path>
         <kind>archive</kind>
         <file>rts2800_fpu64_eabi.lib</file>
         <name>defs.c.obj</name>
      </input_file>
      <input_file id="fl-37">
         <path>C:\ti\ccs2011\ccs\tools\compiler\ti-cgt-c2000_22.6.1.LTS\lib\</path>
         <kind>archive</kind>
         <file>rts2800_fpu64_eabi.lib</file>
         <name>memccpy.c.obj</name>
      </input_file>
      <input_file id="fl-38">
         <path>C:\ti\ccs2011\ccs\tools\compiler\ti-cgt-c2000_22.6.1.LTS\lib\</path>
         <kind>archive</kind>
         <file>rts2800_fpu64_eabi.lib</file>
         <name>memchr.c.obj</name>
      </input_file>
      <input_file id="fl-39">
         <path>C:\ti\ccs2011\ccs\tools\compiler\ti-cgt-c2000_22.6.1.LTS\lib\</path>
         <kind>archive</kind>
         <file>rts2800_fpu64_eabi.lib</file>
         <name>memory.c.obj</name>
      </input_file>
      <input_file id="fl-3a">
         <path>C:\ti\ccs2011\ccs\tools\compiler\ti-cgt-c2000_22.6.1.LTS\lib\</path>
         <kind>archive</kind>
         <file>rts2800_fpu64_eabi.lib</file>
         <name>memset.c.obj</name>
      </input_file>
      <input_file id="fl-3b">
         <path>C:\ti\ccs2011\ccs\tools\compiler\ti-cgt-c2000_22.6.1.LTS\lib\</path>
         <kind>archive</kind>
         <file>rts2800_fpu64_eabi.lib</file>
         <name>strchr.c.obj</name>
      </input_file>
      <input_file id="fl-3c">
         <path>C:\ti\ccs2011\ccs\tools\compiler\ti-cgt-c2000_22.6.1.LTS\lib\</path>
         <kind>archive</kind>
         <file>rts2800_fpu64_eabi.lib</file>
         <name>strcpy.c.obj</name>
      </input_file>
      <input_file id="fl-3d">
         <path>C:\ti\ccs2011\ccs\tools\compiler\ti-cgt-c2000_22.6.1.LTS\lib\</path>
         <kind>archive</kind>
         <file>rts2800_fpu64_eabi.lib</file>
         <name>strlen.c.obj</name>
      </input_file>
      <input_file id="fl-3e">
         <path>C:\ti\ccs2011\ccs\tools\compiler\ti-cgt-c2000_22.6.1.LTS\lib\</path>
         <kind>archive</kind>
         <file>rts2800_fpu64_eabi.lib</file>
         <name>write.c.obj</name>
      </input_file>
      <input_file id="fl-3f">
         <path>C:\ti\ccs2011\ccs\tools\compiler\ti-cgt-c2000_22.6.1.LTS\lib\</path>
         <kind>archive</kind>
         <file>rts2800_fpu64_eabi.lib</file>
         <name>host_device.c.obj</name>
      </input_file>
      <input_file id="fl-40">
         <path>C:\ti\ccs2011\ccs\tools\compiler\ti-cgt-c2000_22.6.1.LTS\lib\</path>
         <kind>archive</kind>
         <file>rts2800_fpu64_eabi.lib</file>
         <name>errno.c.obj</name>
      </input_file>
      <input_file id="fl-41">
         <path>C:\ti\ccs2011\ccs\tools\compiler\ti-cgt-c2000_22.6.1.LTS\lib\</path>
         <kind>archive</kind>
         <file>rts2800_fpu64_eabi.lib</file>
         <name>s_frexp.c.obj</name>
      </input_file>
      <input_file id="fl-42">
         <path>C:\ti\ccs2011\ccs\tools\compiler\ti-cgt-c2000_22.6.1.LTS\lib\</path>
         <kind>archive</kind>
         <file>rts2800_fpu64_eabi.lib</file>
         <name>s_scalbn.c.obj</name>
      </input_file>
      <input_file id="fl-43">
         <path>C:\ti\ccs2011\ccs\tools\compiler\ti-cgt-c2000_22.6.1.LTS\lib\</path>
         <kind>archive</kind>
         <file>rts2800_fpu64_eabi.lib</file>
         <name>wcslen.c.obj</name>
      </input_file>
      <input_file id="fl-44">
         <path>C:\ti\ccs2011\ccs\tools\compiler\ti-cgt-c2000_22.6.1.LTS\lib\</path>
         <kind>archive</kind>
         <file>rts2800_fpu64_eabi.lib</file>
         <name>fopen.c.obj</name>
      </input_file>
      <input_file id="fl-45">
         <path>C:\ti\ccs2011\ccs\tools\compiler\ti-cgt-c2000_22.6.1.LTS\lib\</path>
         <kind>archive</kind>
         <file>rts2800_fpu64_eabi.lib</file>
         <name>fseek.c.obj</name>
      </input_file>
      <input_file id="fl-46">
         <path>C:\ti\ccs2011\ccs\tools\compiler\ti-cgt-c2000_22.6.1.LTS\lib\</path>
         <kind>archive</kind>
         <file>rts2800_fpu64_eabi.lib</file>
         <name>l_div28.asm.obj</name>
      </input_file>
      <input_file id="fl-47">
         <path>C:\ti\ccs2011\ccs\tools\compiler\ti-cgt-c2000_22.6.1.LTS\lib\</path>
         <kind>archive</kind>
         <file>rts2800_fpu64_eabi.lib</file>
         <name>cpy_tbl.c.obj</name>
      </input_file>
      <input_file id="fl-48">
         <path>C:\ti\ccs2011\ccs\tools\compiler\ti-cgt-c2000_22.6.1.LTS\lib\</path>
         <kind>archive</kind>
         <file>rts2800_fpu64_eabi.lib</file>
         <name>startup.c.obj</name>
      </input_file>
      <input_file id="fl-49">
         <path>C:\ti\ccs2011\ccs\tools\compiler\ti-cgt-c2000_22.6.1.LTS\lib\</path>
         <kind>archive</kind>
         <file>rts2800_fpu64_eabi.lib</file>
         <name>hostclose.c.obj</name>
      </input_file>
      <input_file id="fl-4a">
         <path>C:\ti\ccs2011\ccs\tools\compiler\ti-cgt-c2000_22.6.1.LTS\lib\</path>
         <kind>archive</kind>
         <file>rts2800_fpu64_eabi.lib</file>
         <name>hostlseek.c.obj</name>
      </input_file>
      <input_file id="fl-4b">
         <path>C:\ti\ccs2011\ccs\tools\compiler\ti-cgt-c2000_22.6.1.LTS\lib\</path>
         <kind>archive</kind>
         <file>rts2800_fpu64_eabi.lib</file>
         <name>hostopen.c.obj</name>
      </input_file>
      <input_file id="fl-4c">
         <path>C:\ti\ccs2011\ccs\tools\compiler\ti-cgt-c2000_22.6.1.LTS\lib\</path>
         <kind>archive</kind>
         <file>rts2800_fpu64_eabi.lib</file>
         <name>hostread.c.obj</name>
      </input_file>
      <input_file id="fl-4d">
         <path>C:\ti\ccs2011\ccs\tools\compiler\ti-cgt-c2000_22.6.1.LTS\lib\</path>
         <kind>archive</kind>
         <file>rts2800_fpu64_eabi.lib</file>
         <name>hostrename.c.obj</name>
      </input_file>
      <input_file id="fl-4e">
         <path>C:\ti\ccs2011\ccs\tools\compiler\ti-cgt-c2000_22.6.1.LTS\lib\</path>
         <kind>archive</kind>
         <file>rts2800_fpu64_eabi.lib</file>
         <name>hostunlink.c.obj</name>
      </input_file>
      <input_file id="fl-4f">
         <path>C:\ti\ccs2011\ccs\tools\compiler\ti-cgt-c2000_22.6.1.LTS\lib\</path>
         <kind>archive</kind>
         <file>rts2800_fpu64_eabi.lib</file>
         <name>hostwrite.c.obj</name>
      </input_file>
      <input_file id="fl-50">
         <path>C:\ti\ccs2011\ccs\tools\compiler\ti-cgt-c2000_22.6.1.LTS\lib\</path>
         <kind>archive</kind>
         <file>rts2800_fpu64_eabi.lib</file>
         <name>trgmsg.c.obj</name>
      </input_file>
      <input_file id="fl-51">
         <path>C:\ti\ccs2011\ccs\tools\compiler\ti-cgt-c2000_22.6.1.LTS\lib\</path>
         <kind>archive</kind>
         <file>rts2800_fpu64_eabi.lib</file>
         <name>open.c.obj</name>
      </input_file>
      <input_file id="fl-52">
         <path>C:\ti\ccs2011\ccs\tools\compiler\ti-cgt-c2000_22.6.1.LTS\lib\</path>
         <kind>archive</kind>
         <file>rts2800_fpu64_eabi.lib</file>
         <name>lseek.c.obj</name>
      </input_file>
      <input_file id="fl-53">
         <path>C:\ti\ccs2011\ccs\tools\compiler\ti-cgt-c2000_22.6.1.LTS\lib\</path>
         <kind>archive</kind>
         <file>rts2800_fpu64_eabi.lib</file>
         <name>s_copysign.c.obj</name>
      </input_file>
      <input_file id="fl-54">
         <path>C:\ti\ccs2011\ccs\tools\compiler\ti-cgt-c2000_22.6.1.LTS\lib\</path>
         <kind>archive</kind>
         <file>rts2800_fpu64_eabi.lib</file>
         <name>fclose.c.obj</name>
      </input_file>
      <input_file id="fl-55">
         <path>C:\ti\ccs2011\ccs\tools\compiler\ti-cgt-c2000_22.6.1.LTS\lib\</path>
         <kind>archive</kind>
         <file>rts2800_fpu64_eabi.lib</file>
         <name>getdevice.c.obj</name>
      </input_file>
      <input_file id="fl-56">
         <path>C:\ti\ccs2011\ccs\tools\compiler\ti-cgt-c2000_22.6.1.LTS\lib\</path>
         <kind>archive</kind>
         <file>rts2800_fpu64_eabi.lib</file>
         <name>strcmp.c.obj</name>
      </input_file>
      <input_file id="fl-57">
         <path>C:\ti\ccs2011\ccs\tools\compiler\ti-cgt-c2000_22.6.1.LTS\lib\</path>
         <kind>archive</kind>
         <file>rts2800_fpu64_eabi.lib</file>
         <name>strncpy.c.obj</name>
      </input_file>
      <input_file id="fl-58">
         <path>C:\ti\ccs2011\ccs\tools\compiler\ti-cgt-c2000_22.6.1.LTS\lib\</path>
         <kind>archive</kind>
         <file>rts2800_fpu64_eabi.lib</file>
         <name>remove.c.obj</name>
      </input_file>
      <input_file id="fl-59">
         <path>C:\ti\ccs2011\ccs\tools\compiler\ti-cgt-c2000_22.6.1.LTS\lib\</path>
         <kind>archive</kind>
         <file>rts2800_fpu64_eabi.lib</file>
         <name>close.c.obj</name>
      </input_file>
      <input_file id="fl-5a">
         <path>C:\ti\ccs2011\ccs\tools\compiler\ti-cgt-c2000_22.6.1.LTS\lib\</path>
         <kind>archive</kind>
         <file>rts2800_fpu64_eabi.lib</file>
         <name>unlink.c.obj</name>
      </input_file>
   </input_file_list>
   <object_component_list>
      <object_component id="oc-29">
         <name>codestart</name>
         <load_address>0x0</load_address>
         <run_address>0x0</run_address>
         <size>0x2</size>
         <input_file_ref idref="fl-6"/>
      </object_component>
      <object_component id="oc-56f">
         <name>.text:DCC_clearErrorFlag</name>
         <load_address>0x0</load_address>
         <run_address>0x0</run_address>
         <size>0x15</size>
         <input_file_ref idref="fl-12"/>
      </object_component>
      <object_component id="oc-516">
         <name>.text:DCC_disableErrorSignal</name>
         <load_address>0x15</load_address>
         <run_address>0x15</run_address>
         <size>0x15</size>
         <input_file_ref idref="fl-d"/>
      </object_component>
      <object_component id="oc-581">
         <name>.text:DCC_disableErrorSignal</name>
         <load_address>0x2a</load_address>
         <run_address>0x2a</run_address>
         <size>0x15</size>
         <input_file_ref idref="fl-12"/>
      </object_component>
      <object_component id="oc-3aa">
         <name>.text:GPIO_unlockPortConfig</name>
         <load_address>0x3f</load_address>
         <run_address>0x3f</run_address>
         <size>0x15</size>
         <input_file_ref idref="fl-5"/>
      </object_component>
      <object_component id="oc-7e">
         <name>.text:MCAN_clearIntrStatus</name>
         <load_address>0x54</load_address>
         <run_address>0x54</run_address>
         <size>0x15</size>
         <input_file_ref idref="fl-11"/>
      </object_component>
      <object_component id="oc-5bf">
         <name>.text</name>
         <load_address>0x69</load_address>
         <run_address>0x69</run_address>
         <size>0x15</size>
         <input_file_ref idref="fl-57"/>
      </object_component>
      <object_component id="oc-510">
         <name>.text:DCC_disableModule</name>
         <load_address>0x7e</load_address>
         <run_address>0x7e</run_address>
         <size>0x14</size>
         <input_file_ref idref="fl-d"/>
      </object_component>
      <object_component id="oc-57b">
         <name>.text:DCC_disableModule</name>
         <load_address>0x92</load_address>
         <run_address>0x92</run_address>
         <size>0x14</size>
         <input_file_ref idref="fl-12"/>
      </object_component>
      <object_component id="oc-53a">
         <name>.text:DCC_enableErrorSignal</name>
         <load_address>0xa6</load_address>
         <run_address>0xa6</run_address>
         <size>0x14</size>
         <input_file_ref idref="fl-d"/>
      </object_component>
      <object_component id="oc-546">
         <name>.text:DCC_enableModule</name>
         <load_address>0xba</load_address>
         <run_address>0xba</run_address>
         <size>0x14</size>
         <input_file_ref idref="fl-d"/>
      </object_component>
      <object_component id="oc-5a5">
         <name>.text:DCC_enableModule</name>
         <load_address>0xce</load_address>
         <run_address>0xce</run_address>
         <size>0x14</size>
         <input_file_ref idref="fl-12"/>
      </object_component>
      <object_component id="oc-198">
         <name>.text:MCAN_getDataSize</name>
         <load_address>0xe2</load_address>
         <run_address>0xe2</run_address>
         <size>0x14</size>
         <input_file_ref idref="fl-11"/>
      </object_component>
      <object_component id="oc-11c">
         <name>.text:MCAN_getMsgObjSize</name>
         <load_address>0xf6</load_address>
         <run_address>0xf6</run_address>
         <size>0x14</size>
         <input_file_ref idref="fl-11"/>
      </object_component>
      <object_component id="oc-39d">
         <name>.text:SysCtl_deviceCal</name>
         <load_address>0x10a</load_address>
         <run_address>0x10a</run_address>
         <size>0x14</size>
         <input_file_ref idref="fl-5"/>
      </object_component>
      <object_component id="oc-487">
         <name>.text:Device_enableUnbondedGPIOPullupsFor176Pin</name>
         <load_address>0x11e</load_address>
         <run_address>0x11e</run_address>
         <size>0x13</size>
         <input_file_ref idref="fl-5"/>
      </object_component>
      <object_component id="oc-32">
         <name>.text:MCANIntrConfig</name>
         <load_address>0x131</load_address>
         <run_address>0x131</run_address>
         <size>0x13</size>
         <input_file_ref idref="fl-4"/>
      </object_component>
      <object_component id="oc-78">
         <name>.text:MCAN_getIntrStatus</name>
         <load_address>0x144</load_address>
         <run_address>0x144</run_address>
         <size>0x13</size>
         <input_file_ref idref="fl-11"/>
      </object_component>
      <object_component id="oc-2b4">
         <name>.text:SysCtl_setMCANClk</name>
         <load_address>0x157</load_address>
         <run_address>0x157</run_address>
         <size>0x12</size>
         <input_file_ref idref="fl-4"/>
      </object_component>
      <object_component id="oc-384">
         <name>.text:SysCtl_setCMClk</name>
         <load_address>0x169</load_address>
         <run_address>0x169</run_address>
         <size>0x11</size>
         <input_file_ref idref="fl-5"/>
      </object_component>
      <object_component id="oc-f1">
         <name>.text:MCAN_isBaseValid</name>
         <load_address>0x17a</load_address>
         <run_address>0x17a</run_address>
         <size>0x10</size>
         <input_file_ref idref="fl-11"/>
      </object_component>
      <object_component id="oc-24f">
         <name>.text</name>
         <load_address>0x18a</load_address>
         <run_address>0x18a</run_address>
         <size>0x10</size>
         <input_file_ref idref="fl-37"/>
      </object_component>
      <object_component id="oc-46">
         <name>.text:Interrupt_unregister</name>
         <load_address>0x19a</load_address>
         <run_address>0x19a</run_address>
         <size>0xf</size>
         <input_file_ref idref="fl-10"/>
      </object_component>
      <object_component id="oc-46a">
         <name>.text:SysCtl_setPLLSysClk</name>
         <load_address>0x1a9</load_address>
         <run_address>0x1a9</run_address>
         <size>0xf</size>
         <input_file_ref idref="fl-12"/>
      </object_component>
      <object_component id="oc-116">
         <name>.text:HW_RD_FIELD32_RAW</name>
         <load_address>0x1b8</load_address>
         <run_address>0x1b8</run_address>
         <size>0xd</size>
         <input_file_ref idref="fl-11"/>
      </object_component>
      <object_component id="oc-152">
         <name>.text:Interrupt_disableGlobal</name>
         <load_address>0x1c5</load_address>
         <run_address>0x1c5</run_address>
         <size>0xd</size>
         <input_file_ref idref="fl-f"/>
      </object_component>
      <object_component id="oc-15a">
         <name>.text:Interrupt_enableGlobal</name>
         <load_address>0x1d2</load_address>
         <run_address>0x1d2</run_address>
         <size>0xd</size>
         <input_file_ref idref="fl-f"/>
      </object_component>
      <object_component id="oc-c7">
         <name>.text:Interrupt_enableGlobal</name>
         <load_address>0x1df</load_address>
         <run_address>0x1df</run_address>
         <size>0xd</size>
         <input_file_ref idref="fl-4"/>
      </object_component>
      <object_component id="oc-378">
         <name>.text:SysCtl_setLowSpeedClock</name>
         <load_address>0x1ec</load_address>
         <run_address>0x1ec</run_address>
         <size>0xd</size>
         <input_file_ref idref="fl-5"/>
      </object_component>
      <object_component id="oc-66">
         <name>.text:decompress:ZI:__TI_zero_init_nomemset</name>
         <load_address>0x1f9</load_address>
         <run_address>0x1f9</run_address>
         <size>0xd</size>
         <input_file_ref idref="fl-2d"/>
      </object_component>
      <object_component id="oc-1ad">
         <name>.text</name>
         <load_address>0x206</load_address>
         <run_address>0x206</run_address>
         <size>0xd</size>
         <input_file_ref idref="fl-38"/>
      </object_component>
      <object_component id="oc-17d">
         <name>.text</name>
         <load_address>0x213</load_address>
         <run_address>0x213</run_address>
         <size>0xc</size>
         <input_file_ref idref="fl-33"/>
      </object_component>
      <object_component id="oc-329">
         <name>.text</name>
         <load_address>0x21f</load_address>
         <run_address>0x21f</run_address>
         <size>0xc</size>
         <input_file_ref idref="fl-3b"/>
      </object_component>
      <object_component id="oc-366">
         <name>.text:SysCtl_disableWatchdog</name>
         <load_address>0x22b</load_address>
         <run_address>0x22b</run_address>
         <size>0xb</size>
         <input_file_ref idref="fl-5"/>
      </object_component>
      <object_component id="oc-45e">
         <name>.text:SysCtl_isMCDClockFailureDetected</name>
         <load_address>0x236</load_address>
         <run_address>0x236</run_address>
         <size>0xb</size>
         <input_file_ref idref="fl-12"/>
      </object_component>
      <object_component id="oc-26c">
         <name>.text</name>
         <load_address>0x241</load_address>
         <run_address>0x241</run_address>
         <size>0xb</size>
         <input_file_ref idref="fl-43"/>
      </object_component>
      <object_component id="oc-4c">
         <name>.text:Interrupt_illegalOperationHandler</name>
         <load_address>0x24c</load_address>
         <run_address>0x24c</run_address>
         <size>0xa</size>
         <input_file_ref idref="fl-f"/>
      </object_component>
      <object_component id="oc-52">
         <name>.text:Interrupt_nmiHandler</name>
         <load_address>0x256</load_address>
         <run_address>0x256</run_address>
         <size>0xa</size>
         <input_file_ref idref="fl-f"/>
      </object_component>
      <object_component id="oc-5b9">
         <name>.text</name>
         <load_address>0x260</load_address>
         <run_address>0x260</run_address>
         <size>0xa</size>
         <input_file_ref idref="fl-56"/>
      </object_component>
      <object_component id="oc-1c8">
         <name>.text</name>
         <load_address>0x26a</load_address>
         <run_address>0x26a</run_address>
         <size>0x9</size>
         <input_file_ref idref="fl-31"/>
      </object_component>
      <object_component id="oc-22">
         <name>.text:decompress:none</name>
         <load_address>0x273</load_address>
         <run_address>0x273</run_address>
         <size>0x8</size>
         <input_file_ref idref="fl-2e"/>
      </object_component>
      <object_component id="oc-72">
         <name>.text</name>
         <load_address>0x27b</load_address>
         <run_address>0x27b</run_address>
         <size>0x8</size>
         <input_file_ref idref="fl-6"/>
      </object_component>
      <object_component id="oc-1a7">
         <name>.text</name>
         <load_address>0x283</load_address>
         <run_address>0x283</run_address>
         <size>0x8</size>
         <input_file_ref idref="fl-3d"/>
      </object_component>
      <object_component id="oc-fe">
         <name>.text:HW_RD_REG32_RAW</name>
         <load_address>0x28b</load_address>
         <run_address>0x28b</run_address>
         <size>0x7</size>
         <input_file_ref idref="fl-11"/>
      </object_component>
      <object_component id="oc-106">
         <name>.text:HW_WR_REG32_RAW</name>
         <load_address>0x292</load_address>
         <run_address>0x292</run_address>
         <size>0x7</size>
         <input_file_ref idref="fl-11"/>
      </object_component>
      <object_component id="oc-5ee">
         <name>.text:SysCtl_resetMCD</name>
         <load_address>0x299</load_address>
         <run_address>0x299</run_address>
         <size>0x7</size>
         <input_file_ref idref="fl-12"/>
      </object_component>
      <object_component id="oc-f8">
         <name>.text:__error__</name>
         <load_address>0x2a0</load_address>
         <run_address>0x2a0</run_address>
         <size>0x7</size>
         <input_file_ref idref="fl-5"/>
      </object_component>
      <object_component id="oc-e4">
         <name>.text</name>
         <load_address>0x2a7</load_address>
         <run_address>0x2a7</run_address>
         <size>0x7</size>
         <input_file_ref idref="fl-3a"/>
      </object_component>
      <object_component id="oc-ac">
         <name>.text:Interrupt_clearACKGroup</name>
         <load_address>0x2ae</load_address>
         <run_address>0x2ae</run_address>
         <size>0x6</size>
         <input_file_ref idref="fl-4"/>
      </object_component>
      <object_component id="oc-249">
         <name>.text</name>
         <load_address>0x2b4</load_address>
         <run_address>0x2b4</run_address>
         <size>0x5</size>
         <input_file_ref idref="fl-3c"/>
      </object_component>
      <object_component id="oc-2ec">
         <name>.text</name>
         <load_address>0x8000</load_address>
         <run_address>0x8000</run_address>
         <size>0x298</size>
         <input_file_ref idref="fl-39"/>
      </object_component>
      <object_component id="oc-372">
         <name>.text:SysCtl_setClock</name>
         <load_address>0x8298</load_address>
         <run_address>0x8298</run_address>
         <size>0x13b</size>
         <input_file_ref idref="fl-12"/>
      </object_component>
      <object_component id="oc-2f2">
         <name>.text</name>
         <load_address>0x83d3</load_address>
         <run_address>0x83d3</run_address>
         <size>0x121</size>
         <input_file_ref idref="fl-44"/>
      </object_component>
      <object_component id="oc-470">
         <name>.text:SysCtl_isPLLValid</name>
         <load_address>0x84f4</load_address>
         <run_address>0x84f4</run_address>
         <size>0x118</size>
         <input_file_ref idref="fl-12"/>
      </object_component>
      <object_component id="oc-37e">
         <name>.text:SysCtl_setAuxClock</name>
         <load_address>0x860c</load_address>
         <run_address>0x860c</run_address>
         <size>0x118</size>
         <input_file_ref idref="fl-12"/>
      </object_component>
      <object_component id="oc-456">
         <name>.text:DCC_verifyClockFrequency</name>
         <load_address>0x8724</load_address>
         <run_address>0x8724</run_address>
         <size>0xcb</size>
         <input_file_ref idref="fl-d"/>
      </object_component>
      <object_component id="oc-3b0">
         <name>.text:Device_enableUnbondedGPIOPullups</name>
         <load_address>0x87ef</load_address>
         <run_address>0x87ef</run_address>
         <size>0x11</size>
         <input_file_ref idref="fl-5"/>
      </object_component>
      <object_component id="oc-122">
         <name>.text:MCAN_readMsg</name>
         <load_address>0x8800</load_address>
         <run_address>0x8800</run_address>
         <size>0x107</size>
         <input_file_ref idref="fl-11"/>
      </object_component>
      <object_component id="oc-262">
         <name>.text</name>
         <load_address>0x8907</load_address>
         <run_address>0x8907</run_address>
         <size>0x107</size>
         <input_file_ref idref="fl-29"/>
      </object_component>
      <object_component id="oc-3cd">
         <name>.text:MCAN_init</name>
         <load_address>0x8a0e</load_address>
         <run_address>0x8a0e</run_address>
         <size>0xf0</size>
         <input_file_ref idref="fl-11"/>
      </object_component>
      <object_component id="oc-2e">
         <name>.text:MCANIntr1ISR</name>
         <load_address>0x8afe</load_address>
         <run_address>0x8afe</run_address>
         <size>0xe5</size>
         <input_file_ref idref="fl-4"/>
      </object_component>
      <object_component id="oc-131">
         <name>.text</name>
         <load_address>0x8be3</load_address>
         <run_address>0x8be3</run_address>
         <size>0xa8</size>
         <input_file_ref idref="fl-22"/>
      </object_component>
      <object_component id="oc-2c0">
         <name>.text:MCANConfig</name>
         <load_address>0x8c8b</load_address>
         <run_address>0x8c8b</run_address>
         <size>0xa7</size>
         <input_file_ref idref="fl-4"/>
      </object_component>
      <object_component id="oc-21a">
         <name>.text:main</name>
         <load_address>0x8d32</load_address>
         <run_address>0x8d32</run_address>
         <size>0xa7</size>
         <input_file_ref idref="fl-4"/>
      </object_component>
      <object_component id="oc-323">
         <name>.text</name>
         <load_address>0x8dd9</load_address>
         <run_address>0x8dd9</run_address>
         <size>0xa0</size>
         <input_file_ref idref="fl-42"/>
      </object_component>
      <object_component id="oc-8d">
         <name>.text:MCAN_readMsgRam</name>
         <load_address>0x8e79</load_address>
         <run_address>0x8e79</run_address>
         <size>0x98</size>
         <input_file_ref idref="fl-11"/>
      </object_component>
      <object_component id="oc-435">
         <name>.text</name>
         <load_address>0x8f12</load_address>
         <run_address>0x8f12</run_address>
         <size>0x95</size>
         <input_file_ref idref="fl-50"/>
      </object_component>
      <object_component id="oc-31d">
         <name>.text</name>
         <load_address>0x8fa7</load_address>
         <run_address>0x8fa7</run_address>
         <size>0x59</size>
         <input_file_ref idref="fl-41"/>
      </object_component>
      <object_component id="oc-4ff">
         <name>.text</name>
         <load_address>0x9000</load_address>
         <run_address>0x9000</run_address>
         <size>0x88</size>
         <input_file_ref idref="fl-26"/>
      </object_component>
      <object_component id="oc-236">
         <name>.text</name>
         <load_address>0x9088</load_address>
         <run_address>0x9088</run_address>
         <size>0x7c</size>
         <input_file_ref idref="fl-24"/>
      </object_component>
      <object_component id="oc-52e">
         <name>.text:DCC_setCounterSeeds</name>
         <load_address>0x9104</load_address>
         <run_address>0x9104</run_address>
         <size>0x73</size>
         <input_file_ref idref="fl-d"/>
      </object_component>
      <object_component id="oc-599">
         <name>.text:DCC_setCounterSeeds</name>
         <load_address>0x9177</load_address>
         <run_address>0x9177</run_address>
         <size>0x73</size>
         <input_file_ref idref="fl-12"/>
      </object_component>
      <object_component id="oc-a0">
         <name>.text</name>
         <load_address>0x91ea</load_address>
         <run_address>0x91ea</run_address>
         <size>0x73</size>
         <input_file_ref idref="fl-20"/>
      </object_component>
      <object_component id="oc-3fb">
         <name>.text</name>
         <load_address>0x925d</load_address>
         <run_address>0x925d</run_address>
         <size>0x71</size>
         <input_file_ref idref="fl-51"/>
      </object_component>
      <object_component id="oc-19f">
         <name>.text</name>
         <load_address>0x92ce</load_address>
         <run_address>0x92ce</run_address>
         <size>0x65</size>
         <input_file_ref idref="fl-23"/>
      </object_component>
      <object_component id="oc-397">
         <name>.text:SysCtl_getAuxClock</name>
         <load_address>0x9333</load_address>
         <run_address>0x9333</run_address>
         <size>0x61</size>
         <input_file_ref idref="fl-12"/>
      </object_component>
      <object_component id="oc-348">
         <name>.text</name>
         <load_address>0x9394</load_address>
         <run_address>0x9394</run_address>
         <size>0x61</size>
         <input_file_ref idref="fl-4a"/>
      </object_component>
      <object_component id="oc-38a">
         <name>.text:SysCtl_getClock</name>
         <load_address>0x93f5</load_address>
         <run_address>0x93f5</run_address>
         <size>0x60</size>
         <input_file_ref idref="fl-12"/>
      </object_component>
      <object_component id="oc-479">
         <name>.text:SysCtl_selectOscSourceAuxPLL</name>
         <load_address>0x9455</load_address>
         <run_address>0x9455</run_address>
         <size>0x5e</size>
         <input_file_ref idref="fl-12"/>
      </object_component>
      <object_component id="oc-401">
         <name>.text</name>
         <load_address>0x94b3</load_address>
         <run_address>0x94b3</run_address>
         <size>0x5d</size>
         <input_file_ref idref="fl-54"/>
      </object_component>
      <object_component id="oc-2a2">
         <name>.text:Device_init</name>
         <load_address>0x9510</load_address>
         <run_address>0x9510</run_address>
         <size>0x5c</size>
         <input_file_ref idref="fl-5"/>
      </object_component>
      <object_component id="oc-3df">
         <name>.text:MCAN_addExtMsgIDFilter</name>
         <load_address>0x956c</load_address>
         <run_address>0x956c</run_address>
         <size>0x5a</size>
         <input_file_ref idref="fl-11"/>
      </object_component>
      <object_component id="oc-a6">
         <name>.text:MCAN_writeRxFIFOAck</name>
         <load_address>0x95c6</load_address>
         <run_address>0x95c6</run_address>
         <size>0x5a</size>
         <input_file_ref idref="fl-11"/>
      </object_component>
      <object_component id="oc-12b">
         <name>.text</name>
         <load_address>0x9620</load_address>
         <run_address>0x9620</run_address>
         <size>0x53</size>
         <input_file_ref idref="fl-21"/>
      </object_component>
      <object_component id="oc-4ad">
         <name>.text</name>
         <load_address>0x9673</load_address>
         <run_address>0x9673</run_address>
         <size>0x51</size>
         <input_file_ref idref="fl-55"/>
      </object_component>
      <object_component id="oc-5af">
         <name>.text:SysCtl_pollX1Counter</name>
         <load_address>0x96c4</load_address>
         <run_address>0x96c4</run_address>
         <size>0x49</size>
         <input_file_ref idref="fl-12"/>
      </object_component>
      <object_component id="oc-464">
         <name>.text:SysCtl_selectOscSource</name>
         <load_address>0x970d</load_address>
         <run_address>0x970d</run_address>
         <size>0x47</size>
         <input_file_ref idref="fl-12"/>
      </object_component>
      <object_component id="oc-55b">
         <name>.text:SysCtl_selectXTAL</name>
         <load_address>0x9754</load_address>
         <run_address>0x9754</run_address>
         <size>0x40</size>
         <input_file_ref idref="fl-12"/>
      </object_component>
      <object_component id="oc-354">
         <name>.text</name>
         <load_address>0x9794</load_address>
         <run_address>0x9794</run_address>
         <size>0x3e</size>
         <input_file_ref idref="fl-4d"/>
      </object_component>
      <object_component id="oc-3e5">
         <name>.text:MCAN_setExtIDAndMask</name>
         <load_address>0x97d2</load_address>
         <run_address>0x97d2</run_address>
         <size>0x2e</size>
         <input_file_ref idref="fl-11"/>
      </object_component>
      <object_component id="oc-b5">
         <name>.text:Interrupt_initModule</name>
         <load_address>0x9800</load_address>
         <run_address>0x9800</run_address>
         <size>0x3d</size>
         <input_file_ref idref="fl-f"/>
      </object_component>
      <object_component id="oc-230">
         <name>.text</name>
         <load_address>0x983d</load_address>
         <run_address>0x983d</run_address>
         <size>0x3d</size>
         <input_file_ref idref="fl-45"/>
      </object_component>
      <object_component id="oc-330">
         <name>.text</name>
         <load_address>0x987a</load_address>
         <run_address>0x987a</run_address>
         <size>0x3a</size>
         <input_file_ref idref="fl-4b"/>
      </object_component>
      <object_component id="oc-342">
         <name>.text</name>
         <load_address>0x98b4</load_address>
         <run_address>0x98b4</run_address>
         <size>0x39</size>
         <input_file_ref idref="fl-4f"/>
      </object_component>
      <object_component id="oc-33c">
         <name>.text</name>
         <load_address>0x98ed</load_address>
         <run_address>0x98ed</run_address>
         <size>0x38</size>
         <input_file_ref idref="fl-4c"/>
      </object_component>
      <object_component id="oc-2ba">
         <name>.text:GPIO_setPinConfig</name>
         <load_address>0x9925</load_address>
         <run_address>0x9925</run_address>
         <size>0x37</size>
         <input_file_ref idref="fl-e"/>
      </object_component>
      <object_component id="oc-c1">
         <name>.text:Interrupt_enable</name>
         <load_address>0x995c</load_address>
         <run_address>0x995c</run_address>
         <size>0x37</size>
         <input_file_ref idref="fl-f"/>
      </object_component>
      <object_component id="oc-97">
         <name>.text</name>
         <load_address>0x9993</load_address>
         <run_address>0x9993</run_address>
         <size>0x34</size>
         <input_file_ref idref="fl-1e"/>
      </object_component>
      <object_component id="oc-2c6">
         <name>.text:MCAN_enableIntr</name>
         <load_address>0x99c7</load_address>
         <run_address>0x99c7</run_address>
         <size>0x33</size>
         <input_file_ref idref="fl-11"/>
      </object_component>
      <object_component id="oc-2cc">
         <name>.text:MCAN_selectIntrLine</name>
         <load_address>0x99fa</load_address>
         <run_address>0x99fa</run_address>
         <size>0x33</size>
         <input_file_ref idref="fl-11"/>
      </object_component>
      <object_component id="oc-4b5">
         <name>.text</name>
         <load_address>0x9a2d</load_address>
         <run_address>0x9a2d</run_address>
         <size>0x33</size>
         <input_file_ref idref="fl-59"/>
      </object_component>
      <object_component id="oc-257">
         <name>.text</name>
         <load_address>0x9a60</load_address>
         <run_address>0x9a60</run_address>
         <size>0x31</size>
         <input_file_ref idref="fl-34"/>
      </object_component>
      <object_component id="oc-1c">
         <name>.text:decompress:lzss</name>
         <load_address>0x9a91</load_address>
         <run_address>0x9a91</run_address>
         <size>0x30</size>
         <input_file_ref idref="fl-2f"/>
      </object_component>
      <object_component id="oc-317">
         <name>.text</name>
         <load_address>0x9ac1</load_address>
         <run_address>0x9ac1</run_address>
         <size>0x30</size>
         <input_file_ref idref="fl-32"/>
      </object_component>
      <object_component id="oc-1ea">
         <name>.text:__TI_auto_init_nobinit_nopinit</name>
         <load_address>0x9af1</load_address>
         <run_address>0x9af1</run_address>
         <size>0x2b</size>
         <input_file_ref idref="fl-2c"/>
      </object_component>
      <object_component id="oc-2d2">
         <name>.text:MCAN_enableIntrLine</name>
         <load_address>0x9b1c</load_address>
         <run_address>0x9b1c</run_address>
         <size>0x29</size>
         <input_file_ref idref="fl-11"/>
      </object_component>
      <object_component id="oc-183">
         <name>.text</name>
         <load_address>0x9b45</load_address>
         <run_address>0x9b45</run_address>
         <size>0x29</size>
         <input_file_ref idref="fl-30"/>
      </object_component>
      <object_component id="oc-336">
         <name>.text</name>
         <load_address>0x9b6e</load_address>
         <run_address>0x9b6e</run_address>
         <size>0x29</size>
         <input_file_ref idref="fl-49"/>
      </object_component>
      <object_component id="oc-428">
         <name>.text</name>
         <load_address>0x9b97</load_address>
         <run_address>0x9b97</run_address>
         <size>0x28</size>
         <input_file_ref idref="fl-53"/>
      </object_component>
      <object_component id="oc-561">
         <name>.text:SysCtl_selectXTALSingleEnded</name>
         <load_address>0x9bbf</load_address>
         <run_address>0x9bbf</run_address>
         <size>0x25</size>
         <input_file_ref idref="fl-12"/>
      </object_component>
      <object_component id="oc-534">
         <name>.text:DCC_enableSingleShotMode</name>
         <load_address>0x9be4</load_address>
         <run_address>0x9be4</run_address>
         <size>0x24</size>
         <input_file_ref idref="fl-d"/>
      </object_component>
      <object_component id="oc-59f">
         <name>.text:DCC_enableSingleShotMode</name>
         <load_address>0x9c08</load_address>
         <run_address>0x9c08</run_address>
         <size>0x24</size>
         <input_file_ref idref="fl-12"/>
      </object_component>
      <object_component id="oc-34e">
         <name>.text</name>
         <load_address>0x9c2c</load_address>
         <run_address>0x9c2c</run_address>
         <size>0x24</size>
         <input_file_ref idref="fl-4e"/>
      </object_component>
      <object_component id="oc-2a8">
         <name>.text:Device_initGPIO</name>
         <load_address>0x9c50</load_address>
         <run_address>0x9c50</run_address>
         <size>0x21</size>
         <input_file_ref idref="fl-5"/>
      </object_component>
      <object_component id="oc-3bb">
         <name>.text:MCAN_isMemInitDone</name>
         <load_address>0x9c71</load_address>
         <run_address>0x9c71</run_address>
         <size>0x1f</size>
         <input_file_ref idref="fl-11"/>
      </object_component>
      <object_component id="oc-522">
         <name>.text:DCC_setCounter0ClkSource</name>
         <load_address>0x9c90</load_address>
         <run_address>0x9c90</run_address>
         <size>0x1e</size>
         <input_file_ref idref="fl-d"/>
      </object_component>
      <object_component id="oc-58d">
         <name>.text:DCC_setCounter0ClkSource</name>
         <load_address>0x9cae</load_address>
         <run_address>0x9cae</run_address>
         <size>0x1e</size>
         <input_file_ref idref="fl-12"/>
      </object_component>
      <object_component id="oc-528">
         <name>.text:DCC_setCounter1ClkSource</name>
         <load_address>0x9ccc</load_address>
         <run_address>0x9ccc</run_address>
         <size>0x1e</size>
         <input_file_ref idref="fl-d"/>
      </object_component>
      <object_component id="oc-593">
         <name>.text:DCC_setCounter1ClkSource</name>
         <load_address>0x9cea</load_address>
         <run_address>0x9cea</run_address>
         <size>0x1e</size>
         <input_file_ref idref="fl-12"/>
      </object_component>
      <object_component id="oc-36c">
         <name>.text:Device_verifyXTAL</name>
         <load_address>0x9d08</load_address>
         <run_address>0x9d08</run_address>
         <size>0x1e</size>
         <input_file_ref idref="fl-5"/>
      </object_component>
      <object_component id="oc-3b">
         <name>.text:Interrupt_initVectorTable</name>
         <load_address>0x9d26</load_address>
         <run_address>0x9d26</run_address>
         <size>0x1e</size>
         <input_file_ref idref="fl-f"/>
      </object_component>
      <object_component id="oc-25d">
         <name>.text</name>
         <load_address>0x9d44</load_address>
         <run_address>0x9d44</run_address>
         <size>0x1e</size>
         <input_file_ref idref="fl-28"/>
      </object_component>
      <object_component id="oc-5e">
         <name>.text</name>
         <load_address>0x9d62</load_address>
         <run_address>0x9d62</run_address>
         <size>0x1d</size>
         <input_file_ref idref="fl-2a"/>
      </object_component>
      <object_component id="oc-552">
         <name>.text:DCC_getErrorStatus</name>
         <load_address>0x9d7f</load_address>
         <run_address>0x9d7f</run_address>
         <size>0x1c</size>
         <input_file_ref idref="fl-d"/>
      </object_component>
      <object_component id="oc-54c">
         <name>.text:DCC_getSingleShotStatus</name>
         <load_address>0x9d9b</load_address>
         <run_address>0x9d9b</run_address>
         <size>0x1c</size>
         <input_file_ref idref="fl-d"/>
      </object_component>
      <object_component id="oc-4f8">
         <name>.text:DCC_isBaseValid</name>
         <load_address>0x9db7</load_address>
         <run_address>0x9db7</run_address>
         <size>0x1a</size>
         <input_file_ref idref="fl-d"/>
      </object_component>
      <object_component id="oc-5f7">
         <name>.text:DCC_isBaseValid</name>
         <load_address>0x9dd1</load_address>
         <run_address>0x9dd1</run_address>
         <size>0x1a</size>
         <input_file_ref idref="fl-12"/>
      </object_component>
      <object_component id="oc-84">
         <name>.text:MCAN_clearInterrupt</name>
         <load_address>0x9deb</load_address>
         <run_address>0x9deb</run_address>
         <size>0x1a</size>
         <input_file_ref idref="fl-11"/>
      </object_component>
      <object_component id="oc-391">
         <name>.text:SysCtl_getLowSpeedClock</name>
         <load_address>0x9e05</load_address>
         <run_address>0x9e05</run_address>
         <size>0x1a</size>
         <input_file_ref idref="fl-12"/>
      </object_component>
      <object_component id="oc-3c1">
         <name>.text:MCAN_setOpMode</name>
         <load_address>0x9e1f</load_address>
         <run_address>0x9e1f</run_address>
         <size>0x19</size>
         <input_file_ref idref="fl-11"/>
      </object_component>
      <object_component id="oc-49a">
         <name>.text:MCAN_writeProtectedRegAccessLock</name>
         <load_address>0x9e38</load_address>
         <run_address>0x9e38</run_address>
         <size>0x19</size>
         <input_file_ref idref="fl-11"/>
      </object_component>
      <object_component id="oc-494">
         <name>.text:MCAN_writeProtectedRegAccessUnlock</name>
         <load_address>0x9e51</load_address>
         <run_address>0x9e51</run_address>
         <size>0x19</size>
         <input_file_ref idref="fl-11"/>
      </object_component>
      <object_component id="oc-2ae">
         <name>.text:SysCtl_allocateSharedPeripheral</name>
         <load_address>0x9e6a</load_address>
         <run_address>0x9e6a</run_address>
         <size>0x19</size>
         <input_file_ref idref="fl-4"/>
      </object_component>
      <object_component id="oc-eb">
         <name>.text</name>
         <load_address>0x9e83</load_address>
         <run_address>0x9e83</run_address>
         <size>0x19</size>
         <input_file_ref idref="fl-25"/>
      </object_component>
      <object_component id="oc-4be">
         <name>.text</name>
         <load_address>0x9e9c</load_address>
         <run_address>0x9e9c</run_address>
         <size>0x19</size>
         <input_file_ref idref="fl-5a"/>
      </object_component>
      <object_component id="oc-143">
         <name>.text</name>
         <load_address>0x9eb5</load_address>
         <run_address>0x9eb5</run_address>
         <size>0x19</size>
         <input_file_ref idref="fl-3e"/>
      </object_component>
      <object_component id="oc-267">
         <name>.text</name>
         <load_address>0x9ece</load_address>
         <run_address>0x9ece</run_address>
         <size>0x18</size>
         <input_file_ref idref="fl-27"/>
      </object_component>
      <object_component id="oc-2e4">
         <name>.text</name>
         <load_address>0x9ee6</load_address>
         <run_address>0x9ee6</run_address>
         <size>0x18</size>
         <input_file_ref idref="fl-52"/>
      </object_component>
      <object_component id="oc-10d">
         <name>.text:HW_WR_FIELD32_RAW</name>
         <load_address>0x9efe</load_address>
         <run_address>0x9efe</run_address>
         <size>0x17</size>
         <input_file_ref idref="fl-11"/>
      </object_component>
      <object_component id="oc-3c7">
         <name>.text:MCAN_getOpMode</name>
         <load_address>0x9f15</load_address>
         <run_address>0x9f15</run_address>
         <size>0x17</size>
         <input_file_ref idref="fl-11"/>
      </object_component>
      <object_component id="oc-450">
         <name>.text:SysCtl_enablePeripheral</name>
         <load_address>0x9f2c</load_address>
         <run_address>0x9f2c</run_address>
         <size>0x17</size>
         <input_file_ref idref="fl-5"/>
      </object_component>
      <object_component id="oc-569">
         <name>.text:SysCtl_enablePeripheral</name>
         <load_address>0x9f43</load_address>
         <run_address>0x9f43</run_address>
         <size>0x17</size>
         <input_file_ref idref="fl-12"/>
      </object_component>
      <object_component id="oc-51c">
         <name>.text:DCC_disableDoneSignal</name>
         <load_address>0x9f5a</load_address>
         <run_address>0x9f5a</run_address>
         <size>0x16</size>
         <input_file_ref idref="fl-d"/>
      </object_component>
      <object_component id="oc-587">
         <name>.text:DCC_disableDoneSignal</name>
         <load_address>0x9f70</load_address>
         <run_address>0x9f70</run_address>
         <size>0x16</size>
         <input_file_ref idref="fl-12"/>
      </object_component>
      <object_component id="oc-540">
         <name>.text:DCC_enableDoneSignal</name>
         <load_address>0x9f86</load_address>
         <run_address>0x9f86</run_address>
         <size>0x16</size>
         <input_file_ref idref="fl-d"/>
      </object_component>
      <object_component id="oc-3a">
         <name>.text:Interrupt_defaultHandler</name>
         <load_address>0x9f9c</load_address>
         <run_address>0x9f9c</run_address>
         <size>0x16</size>
         <input_file_ref idref="fl-f"/>
      </object_component>
      <object_component id="oc-50a">
         <name>.text:DCC_clearDoneFlag</name>
         <load_address>0x9fb2</load_address>
         <run_address>0x9fb2</run_address>
         <size>0x15</size>
         <input_file_ref idref="fl-d"/>
      </object_component>
      <object_component id="oc-575">
         <name>.text:DCC_clearDoneFlag</name>
         <load_address>0x9fc7</load_address>
         <run_address>0x9fc7</run_address>
         <size>0x15</size>
         <input_file_ref idref="fl-12"/>
      </object_component>
      <object_component id="oc-504">
         <name>.text:DCC_clearErrorFlag</name>
         <load_address>0x9fdc</load_address>
         <run_address>0x9fdc</run_address>
         <size>0x15</size>
         <input_file_ref idref="fl-d"/>
      </object_component>
      <object_component id="oc-bb">
         <name>.text:Interrupt_register</name>
         <load_address>0x9ff1</load_address>
         <run_address>0x9ff1</run_address>
         <size>0xf</size>
         <input_file_ref idref="fl-4"/>
      </object_component>
      <object_component id="oc-1c2">
         <name>.text:__TI_printfi</name>
         <load_address>0xc000</load_address>
         <run_address>0xc000</run_address>
         <size>0x614</size>
         <input_file_ref idref="fl-1f"/>
      </object_component>
      <object_component id="oc-3d9">
         <name>.text:MCAN_msgRAMConfig</name>
         <load_address>0xc614</load_address>
         <run_address>0xc614</run_address>
         <size>0x1c2</size>
         <input_file_ref idref="fl-11"/>
      </object_component>
      <object_component id="oc-41f">
         <name>.text</name>
         <load_address>0xc7d6</load_address>
         <run_address>0xc7d6</run_address>
         <size>0x2a</size>
         <input_file_ref idref="fl-46"/>
      </object_component>
      <object_component id="oc-276">
         <name>.text</name>
         <load_address>0xc800</load_address>
         <run_address>0xc800</run_address>
         <size>0x5dc</size>
         <input_file_ref idref="fl-1f"/>
      </object_component>
      <object_component id="oc-3a3">
         <name>.text:Device_enableAllPeripherals</name>
         <load_address>0xcddc</load_address>
         <run_address>0xcddc</run_address>
         <size>0x167</size>
         <input_file_ref idref="fl-5"/>
      </object_component>
      <object_component id="oc-3d3">
         <name>.text:MCAN_setBitTime</name>
         <load_address>0xcf43</load_address>
         <run_address>0xcf43</run_address>
         <size>0xb9</size>
         <input_file_ref idref="fl-11"/>
      </object_component>
      <object_component id="oc-176">
         <name>.text</name>
         <load_address>0xcffc</load_address>
         <run_address>0xcffc</run_address>
         <size>0x2</size>
         <input_file_ref idref="fl-2b"/>
      </object_component>
      <object_component id="oc-28d">
         <name>.text</name>
         <load_address>0xcffe</load_address>
         <run_address>0xcffe</run_address>
         <size>0x1</size>
         <input_file_ref idref="fl-48"/>
      </object_component>
      <object_component id="oc-651">
         <name>.cinit..data.load</name>
         <load_address>0x1b6</load_address>
         <run_address>0x1b6</run_address>
         <size>0x3d</size>
      </object_component>
      <object_component id="oc-64e">
         <name>__TI_handler_table</name>
         <load_address>0x1f4</load_address>
         <run_address>0x1f4</run_address>
         <size>0x6</size>
      </object_component>
      <object_component id="oc-650">
         <name>.cinit..bss.load</name>
         <load_address>0x1fa</load_address>
         <run_address>0x1fa</run_address>
         <size>0x4</size>
      </object_component>
      <object_component id="oc-64f">
         <name>__TI_cinit_table</name>
         <load_address>0x1fe</load_address>
         <run_address>0x1fe</run_address>
         <size>0x8</size>
      </object_component>
      <object_component id="oc-58">
         <name>.stack</name>
         <uninitialized>true</uninitialized>
         <run_address>0x400</run_address>
         <size>0x0</size>
         <input_file_ref idref="fl-25"/>
      </object_component>
      <object_component id="oc-652">
         <name>.stack</name>
         <uninitialized>true</uninitialized>
         <run_address>0x400</run_address>
         <size>0x0</size>
      </object_component>
      <object_component id="oc-8a">
         <name>.bss</name>
         <uninitialized>true</uninitialized>
         <run_address>0xa9c0</run_address>
         <size>0x94</size>
         <input_file_ref idref="fl-4"/>
      </object_component>
      <object_component id="oc-93">
         <name>.bss:rxMsg</name>
         <uninitialized>true</uninitialized>
         <run_address>0xaa54</run_address>
         <size>0x54</size>
         <input_file_ref idref="fl-4"/>
      </object_component>
      <object_component id="oc-4bb">
         <name>.bss:__TI_tmpnams</name>
         <uninitialized>true</uninitialized>
         <run_address>0xa920</run_address>
         <size>0xa0</size>
         <input_file_ref idref="fl-36"/>
      </object_component>
      <object_component id="oc-3f4">
         <name>.bss</name>
         <uninitialized>true</uninitialized>
         <run_address>0xaab0</run_address>
         <size>0x2</size>
         <input_file_ref idref="fl-39"/>
      </object_component>
      <object_component id="oc-432">
         <name>.bss:parmbuf</name>
         <uninitialized>true</uninitialized>
         <run_address>0xaaa8</run_address>
         <size>0x8</size>
         <input_file_ref idref="fl-4b"/>
      </object_component>
      <object_component id="oc-4dd">
         <name>.bss:_CIOBUF_</name>
         <uninitialized>true</uninitialized>
         <run_address>0xa800</run_address>
         <size>0x120</size>
         <input_file_ref idref="fl-50"/>
      </object_component>
      <object_component id="oc-30a">
         <name>.const:.string:_ctypes_</name>
         <load_address>0xabde</load_address>
         <run_address>0xabde</run_address>
         <size>0x101</size>
         <input_file_ref idref="fl-35"/>
      </object_component>
      <object_component id="oc-45d">
         <name>.const:.string</name>
         <load_address>0xace0</load_address>
         <run_address>0xace0</run_address>
         <size>0x97</size>
         <input_file_ref idref="fl-12"/>
      </object_component>
      <object_component id="oc-4fe">
         <name>.const:.string</name>
         <load_address>0xad78</load_address>
         <run_address>0xad78</run_address>
         <size>0x94</size>
         <input_file_ref idref="fl-d"/>
      </object_component>
      <object_component id="oc-390">
         <name>.const:.string</name>
         <load_address>0xae0c</load_address>
         <run_address>0xae0c</run_address>
         <size>0x4f</size>
         <input_file_ref idref="fl-5"/>
      </object_component>
      <object_component id="oc-f7">
         <name>.const:.string</name>
         <load_address>0xae5c</load_address>
         <run_address>0xae5c</run_address>
         <size>0x4b</size>
         <input_file_ref idref="fl-11"/>
      </object_component>
      <object_component id="oc-96">
         <name>.const:.string</name>
         <load_address>0xaea8</load_address>
         <run_address>0xaea8</run_address>
         <size>0x48</size>
         <input_file_ref idref="fl-4"/>
      </object_component>
      <object_component id="oc-248">
         <name>.const:.string</name>
         <load_address>0xaef0</load_address>
         <run_address>0xaef0</run_address>
         <size>0x26</size>
         <input_file_ref idref="fl-1f"/>
      </object_component>
      <object_component id="oc-1b3">
         <name>.const:.string</name>
         <load_address>0xaf16</load_address>
         <run_address>0xaf16</run_address>
         <size>0x2</size>
         <input_file_ref idref="fl-22"/>
      </object_component>
      <object_component id="oc-b2">
         <name>.data</name>
         <load_address>0xabd0</load_address>
         <run_address>0xabd0</run_address>
         <size>0x4</size>
         <input_file_ref idref="fl-4"/>
      </object_component>
      <object_component id="oc-194">
         <name>.data:objSize</name>
         <load_address>0xabba</load_address>
         <run_address>0xabba</run_address>
         <size>0x10</size>
         <input_file_ref idref="fl-11"/>
      </object_component>
      <object_component id="oc-22c">
         <name>.data:dataSize</name>
         <load_address>0xab9a</load_address>
         <run_address>0xab9a</run_address>
         <size>0x20</size>
         <input_file_ref idref="fl-11"/>
      </object_component>
      <object_component id="oc-222">
         <name>.data</name>
         <load_address>0xabca</load_address>
         <run_address>0xabca</run_address>
         <size>0x6</size>
         <input_file_ref idref="fl-30"/>
      </object_component>
      <object_component id="oc-138">
         <name>.data:_lock</name>
         <load_address>0xabd4</load_address>
         <run_address>0xabd4</run_address>
         <size>0x2</size>
         <input_file_ref idref="fl-31"/>
      </object_component>
      <object_component id="oc-13b">
         <name>.data:_unlock</name>
         <load_address>0xabd6</load_address>
         <run_address>0xabd6</run_address>
         <size>0x2</size>
         <input_file_ref idref="fl-31"/>
      </object_component>
      <object_component id="oc-149">
         <name>.data</name>
         <load_address>0xabd8</load_address>
         <run_address>0xabd8</run_address>
         <size>0x1</size>
         <input_file_ref idref="fl-36"/>
      </object_component>
      <object_component id="oc-9d">
         <name>.data:_ftable</name>
         <load_address>0xaab2</load_address>
         <run_address>0xaab2</run_address>
         <size>0x78</size>
         <input_file_ref idref="fl-36"/>
      </object_component>
      <object_component id="oc-3f7">
         <name>.data</name>
         <load_address>0xabdb</load_address>
         <run_address>0xabdb</run_address>
         <size>0x1</size>
         <input_file_ref idref="fl-39"/>
      </object_component>
      <object_component id="oc-1d9">
         <name>.data:_stream</name>
         <load_address>0xab72</load_address>
         <run_address>0xab72</run_address>
         <size>0x28</size>
         <input_file_ref idref="fl-3f"/>
      </object_component>
      <object_component id="oc-281">
         <name>.data:_device</name>
         <load_address>0xab2a</load_address>
         <run_address>0xab2a</run_address>
         <size>0x48</size>
         <input_file_ref idref="fl-3f"/>
      </object_component>
      <object_component id="oc-272">
         <name>.data</name>
         <load_address>0xabd9</load_address>
         <run_address>0xabd9</run_address>
         <size>0x1</size>
         <input_file_ref idref="fl-40"/>
      </object_component>
      <object_component id="oc-407">
         <name>.data</name>
         <load_address>0xabda</load_address>
         <run_address>0xabda</run_address>
         <size>0x1</size>
         <input_file_ref idref="fl-44"/>
      </object_component>
      <object_component id="oc-4ac">
         <name>.data</name>
         <load_address>0xabdc</load_address>
         <run_address>0xabdc</run_address>
         <size>0x1</size>
         <input_file_ref idref="fl-51"/>
      </object_component>
      <object_component id="oc-59">
         <name>.sysmem</name>
         <uninitialized>true</uninitialized>
         <run_address>0xa000</run_address>
         <size>0x4</size>
         <input_file_ref idref="fl-39"/>
      </object_component>
      <object_component id="oc-653">
         <name>.sysmem</name>
         <uninitialized>true</uninitialized>
         <run_address>0xa000</run_address>
         <size>0x0</size>
      </object_component>
      <object_component id="oc-2d8">
         <name>.TI.ramfunc</name>
         <load_address>0x1b1</load_address>
         <run_address>0x1b1</run_address>
         <size>0x4</size>
         <input_file_ref idref="fl-12"/>
      </object_component>
      <object_component id="oc-ce">
         <name>.debug_types</name>
         <load_address>0x0</load_address>
         <run_address>0x0</run_address>
         <size>0x1694</size>
         <input_file_ref idref="fl-4"/>
      </object_component>
      <object_component id="oc-18c">
         <name>.debug_types</name>
         <load_address>0x1694</load_address>
         <run_address>0x1694</run_address>
         <size>0x1fbf</size>
         <input_file_ref idref="fl-5"/>
      </object_component>
      <object_component id="oc-559">
         <name>.debug_types</name>
         <load_address>0x3653</load_address>
         <run_address>0x3653</run_address>
         <size>0xa2</size>
         <input_file_ref idref="fl-d"/>
      </object_component>
      <object_component id="oc-3ba">
         <name>.debug_types</name>
         <load_address>0x36f5</load_address>
         <run_address>0x36f5</run_address>
         <size>0x516</size>
         <input_file_ref idref="fl-e"/>
      </object_component>
      <object_component id="oc-d1">
         <name>.debug_types</name>
         <load_address>0x0</load_address>
         <run_address>0x0</run_address>
         <size>0x0</size>
         <input_file_ref idref="fl-f"/>
      </object_component>
      <object_component id="oc-d4">
         <name>.debug_types</name>
         <load_address>0x3c0b</load_address>
         <run_address>0x3c0b</run_address>
         <size>0x20e</size>
         <input_file_ref idref="fl-10"/>
      </object_component>
      <object_component id="oc-105">
         <name>.debug_types</name>
         <load_address>0x3e19</load_address>
         <run_address>0x3e19</run_address>
         <size>0x1581</size>
         <input_file_ref idref="fl-11"/>
      </object_component>
      <object_component id="oc-477">
         <name>.debug_types</name>
         <load_address>0x539a</load_address>
         <run_address>0x539a</run_address>
         <size>0x8b4</size>
         <input_file_ref idref="fl-12"/>
      </object_component>
      <object_component id="oc-13f">
         <name>.debug_types</name>
         <load_address>0x5c4e</load_address>
         <run_address>0x5c4e</run_address>
         <size>0x230</size>
         <input_file_ref idref="fl-1e"/>
      </object_component>
      <object_component id="oc-256">
         <name>.debug_types</name>
         <load_address>0x5e7e</load_address>
         <run_address>0x5e7e</run_address>
         <size>0xa3f</size>
         <input_file_ref idref="fl-1f"/>
      </object_component>
      <object_component id="oc-14d">
         <name>.debug_types</name>
         <load_address>0x68bd</load_address>
         <run_address>0x68bd</run_address>
         <size>0x2f</size>
         <input_file_ref idref="fl-20"/>
      </object_component>
      <object_component id="oc-1a6">
         <name>.debug_types</name>
         <load_address>0x0</load_address>
         <run_address>0x0</run_address>
         <size>0x0</size>
         <input_file_ref idref="fl-21"/>
      </object_component>
      <object_component id="oc-1b5">
         <name>.debug_types</name>
         <load_address>0x68ec</load_address>
         <run_address>0x68ec</run_address>
         <size>0x68</size>
         <input_file_ref idref="fl-22"/>
      </object_component>
      <object_component id="oc-23d">
         <name>.debug_types</name>
         <load_address>0x0</load_address>
         <run_address>0x0</run_address>
         <size>0x0</size>
         <input_file_ref idref="fl-23"/>
      </object_component>
      <object_component id="oc-2f9">
         <name>.debug_types</name>
         <load_address>0x0</load_address>
         <run_address>0x0</run_address>
         <size>0x0</size>
         <input_file_ref idref="fl-24"/>
      </object_component>
      <object_component id="oc-de">
         <name>.debug_types</name>
         <load_address>0x6954</load_address>
         <run_address>0x6954</run_address>
         <size>0x2f</size>
         <input_file_ref idref="fl-2a"/>
      </object_component>
      <object_component id="oc-1e9">
         <name>.debug_types</name>
         <load_address>0x0</load_address>
         <run_address>0x0</run_address>
         <size>0x0</size>
         <input_file_ref idref="fl-2b"/>
      </object_component>
      <object_component id="oc-294">
         <name>.debug_types</name>
         <load_address>0x6983</load_address>
         <run_address>0x6983</run_address>
         <size>0x441</size>
         <input_file_ref idref="fl-2c"/>
      </object_component>
      <object_component id="oc-e3">
         <name>.debug_types</name>
         <load_address>0x6dc4</load_address>
         <run_address>0x6dc4</run_address>
         <size>0x169</size>
         <input_file_ref idref="fl-2d"/>
      </object_component>
      <object_component id="oc-65">
         <name>.debug_types</name>
         <load_address>0x0</load_address>
         <run_address>0x0</run_address>
         <size>0x0</size>
         <input_file_ref idref="fl-2e"/>
      </object_component>
      <object_component id="oc-5d">
         <name>.debug_types</name>
         <load_address>0x6f2d</load_address>
         <run_address>0x6f2d</run_address>
         <size>0x191</size>
         <input_file_ref idref="fl-2f"/>
      </object_component>
      <object_component id="oc-226">
         <name>.debug_types</name>
         <load_address>0x70be</load_address>
         <run_address>0x70be</run_address>
         <size>0x90</size>
         <input_file_ref idref="fl-30"/>
      </object_component>
      <object_component id="oc-1d0">
         <name>.debug_types</name>
         <load_address>0x714e</load_address>
         <run_address>0x714e</run_address>
         <size>0x2f</size>
         <input_file_ref idref="fl-31"/>
      </object_component>
      <object_component id="oc-425">
         <name>.debug_types</name>
         <load_address>0x717d</load_address>
         <run_address>0x717d</run_address>
         <size>0x61</size>
         <input_file_ref idref="fl-32"/>
      </object_component>
      <object_component id="oc-221">
         <name>.debug_types</name>
         <load_address>0x71de</load_address>
         <run_address>0x71de</run_address>
         <size>0xb6</size>
         <input_file_ref idref="fl-33"/>
      </object_component>
      <object_component id="oc-30e">
         <name>.debug_types</name>
         <load_address>0x7294</load_address>
         <run_address>0x7294</run_address>
         <size>0x34</size>
         <input_file_ref idref="fl-34"/>
      </object_component>
      <object_component id="oc-415">
         <name>.debug_types</name>
         <load_address>0x0</load_address>
         <run_address>0x0</run_address>
         <size>0x0</size>
         <input_file_ref idref="fl-35"/>
      </object_component>
      <object_component id="oc-142">
         <name>.debug_types</name>
         <load_address>0x72c8</load_address>
         <run_address>0x72c8</run_address>
         <size>0x66</size>
         <input_file_ref idref="fl-36"/>
      </object_component>
      <object_component id="oc-306">
         <name>.debug_types</name>
         <load_address>0x0</load_address>
         <run_address>0x0</run_address>
         <size>0x0</size>
         <input_file_ref idref="fl-37"/>
      </object_component>
      <object_component id="oc-244">
         <name>.debug_types</name>
         <load_address>0x0</load_address>
         <run_address>0x0</run_address>
         <size>0x0</size>
         <input_file_ref idref="fl-38"/>
      </object_component>
      <object_component id="oc-d9">
         <name>.debug_types</name>
         <load_address>0x732e</load_address>
         <run_address>0x732e</run_address>
         <size>0x23d</size>
         <input_file_ref idref="fl-39"/>
      </object_component>
      <object_component id="oc-175">
         <name>.debug_types</name>
         <load_address>0x0</load_address>
         <run_address>0x0</run_address>
         <size>0x0</size>
         <input_file_ref idref="fl-3a"/>
      </object_component>
      <object_component id="oc-431">
         <name>.debug_types</name>
         <load_address>0x0</load_address>
         <run_address>0x0</run_address>
         <size>0x0</size>
         <input_file_ref idref="fl-3b"/>
      </object_component>
      <object_component id="oc-304">
         <name>.debug_types</name>
         <load_address>0x756b</load_address>
         <run_address>0x756b</run_address>
         <size>0x34</size>
         <input_file_ref idref="fl-3c"/>
      </object_component>
      <object_component id="oc-242">
         <name>.debug_types</name>
         <load_address>0x0</load_address>
         <run_address>0x0</run_address>
         <size>0x0</size>
         <input_file_ref idref="fl-3d"/>
      </object_component>
      <object_component id="oc-1dd">
         <name>.debug_types</name>
         <load_address>0x759f</load_address>
         <run_address>0x759f</run_address>
         <size>0x575</size>
         <input_file_ref idref="fl-3e"/>
      </object_component>
      <object_component id="oc-286">
         <name>.debug_types</name>
         <load_address>0x7b14</load_address>
         <run_address>0x7b14</run_address>
         <size>0x32</size>
         <input_file_ref idref="fl-3f"/>
      </object_component>
      <object_component id="oc-316">
         <name>.debug_types</name>
         <load_address>0x0</load_address>
         <run_address>0x0</run_address>
         <size>0x0</size>
         <input_file_ref idref="fl-40"/>
      </object_component>
      <object_component id="oc-427">
         <name>.debug_types</name>
         <load_address>0x7b46</load_address>
         <run_address>0x7b46</run_address>
         <size>0x2f</size>
         <input_file_ref idref="fl-41"/>
      </object_component>
      <object_component id="oc-42f">
         <name>.debug_types</name>
         <load_address>0x0</load_address>
         <run_address>0x0</run_address>
         <size>0x0</size>
         <input_file_ref idref="fl-42"/>
      </object_component>
      <object_component id="oc-313">
         <name>.debug_types</name>
         <load_address>0x7b75</load_address>
         <run_address>0x7b75</run_address>
         <size>0x160</size>
         <input_file_ref idref="fl-43"/>
      </object_component>
      <object_component id="oc-409">
         <name>.debug_types</name>
         <load_address>0x0</load_address>
         <run_address>0x0</run_address>
         <size>0x0</size>
         <input_file_ref idref="fl-44"/>
      </object_component>
      <object_component id="oc-2eb">
         <name>.debug_types</name>
         <load_address>0x0</load_address>
         <run_address>0x0</run_address>
         <size>0x0</size>
         <input_file_ref idref="fl-45"/>
      </object_component>
      <object_component id="oc-360">
         <name>.debug_types</name>
         <load_address>0x0</load_address>
         <run_address>0x0</run_address>
         <size>0x0</size>
         <input_file_ref idref="fl-48"/>
      </object_component>
      <object_component id="oc-43e">
         <name>.debug_types</name>
         <load_address>0x7cd5</load_address>
         <run_address>0x7cd5</run_address>
         <size>0x9e</size>
         <input_file_ref idref="fl-49"/>
      </object_component>
      <object_component id="oc-444">
         <name>.debug_types</name>
         <load_address>0x7d73</load_address>
         <run_address>0x7d73</run_address>
         <size>0x2f</size>
         <input_file_ref idref="fl-4a"/>
      </object_component>
      <object_component id="oc-43c">
         <name>.debug_types</name>
         <load_address>0x0</load_address>
         <run_address>0x0</run_address>
         <size>0x0</size>
         <input_file_ref idref="fl-4b"/>
      </object_component>
      <object_component id="oc-440">
         <name>.debug_types</name>
         <load_address>0x0</load_address>
[...]
      </symbol>
      <symbol id="sm-363">
         <name>MCAN_addExtMsgIDFilter</name>
         <value>0x956c</value>
         <object_component_ref idref="oc-3df"/>
      </symbol>
      <symbol id="sm-364">
         <name>MCAN_writeRxFIFOAck</name>
         <value>0x95c6</value>
         <object_component_ref idref="oc-a6"/>
      </symbol>
      <symbol id="sm-365">
         <name>MCAN_msgRAMConfig</name>
         <value>0xc614</value>
         <object_component_ref idref="oc-3d9"/>
      </symbol>
      <symbol id="sm-366">
         <name>MCAN_setExtIDAndMask</name>
         <value>0x97d2</value>
         <object_component_ref idref="oc-3e5"/>
      </symbol>
      <symbol id="sm-367">
         <name>MCAN_setBitTime</name>
         <value>0xcf43</value>
         <object_component_ref idref="oc-3d3"/>
      </symbol>
      <symbol id="sm-4ae">
         <name>SysCtl_isPLLValid</name>
         <value>0x84f4</value>
         <object_component_ref idref="oc-470"/>
      </symbol>
      <symbol id="sm-4af">
         <name>SysCtl_delay</name>
         <value>0x1b1</value>
         <object_component_ref idref="oc-2d8"/>
      </symbol>
      <symbol id="sm-4b0">
         <name>SysCtl_getAuxClock</name>
         <value>0x9333</value>
         <object_component_ref idref="oc-397"/>
      </symbol>
      <symbol id="sm-4b1">
         <name>SysCtl_selectXTALSingleEnded</name>
         <value>0x9bbf</value>
         <object_component_ref idref="oc-561"/>
      </symbol>
      <symbol id="sm-4b2">
         <name>SysCtl_selectXTAL</name>
         <value>0x9754</value>
         <object_component_ref idref="oc-55b"/>
      </symbol>
      <symbol id="sm-4b3">
         <name>SysCtl_selectOscSource</name>
         <value>0x970d</value>
         <object_component_ref idref="oc-464"/>
      </symbol>
      <symbol id="sm-4b4">
         <name>SysCtl_getLowSpeedClock</name>
         <value>0x9e05</value>
         <object_component_ref idref="oc-391"/>
      </symbol>
      <symbol id="sm-4b5">
         <name>SysCtl_setClock</name>
         <value>0x8298</value>
         <object_component_ref idref="oc-372"/>
      </symbol>
      <symbol id="sm-4b6">
         <name>SysCtl_getClock</name>
         <value>0x93f5</value>
         <object_component_ref idref="oc-38a"/>
      </symbol>
      <symbol id="sm-4b7">
         <name>SysCtl_selectOscSourceAuxPLL</name>
         <value>0x9455</value>
         <object_component_ref idref="oc-479"/>
      </symbol>
      <symbol id="sm-4b8">
         <name>SysCtl_setAuxClock</name>
         <value>0x860c</value>
         <object_component_ref idref="oc-37e"/>
      </symbol>
      <symbol id="sm-4c9">
         <name>printf</name>
         <value>0x9999</value>
         <object_component_ref idref="oc-97"/>
      </symbol>
      <symbol id="sm-622">
         <name>__TI_printfi</name>
         <value>0xc48f</value>
         <object_component_ref idref="oc-1c2"/>
      </symbol>
      <symbol id="sm-639">
         <name>__TI_doflush</name>
         <value>0x91ea</value>
         <object_component_ref idref="oc-a0"/>
      </symbol>
      <symbol id="sm-63a">
         <name>fflush</name>
         <value>0x9219</value>
         <object_component_ref idref="oc-a0"/>
      </symbol>
      <symbol id="sm-64e">
         <name>putc</name>
         <value>0x9620</value>
         <object_component_ref idref="oc-12b"/>
      </symbol>
      <symbol id="sm-64f">
         <name>fputc</name>
         <value>0x9620</value>
         <object_component_ref idref="oc-12b"/>
      </symbol>
      <symbol id="sm-650">
         <name>putchar</name>
         <value>0x966e</value>
         <object_component_ref idref="oc-12b"/>
      </symbol>
      <symbol id="sm-66d">
         <name>puts</name>
         <value>0x8c78</value>
         <object_component_ref idref="oc-131"/>
      </symbol>
      <symbol id="sm-66e">
         <name>fputs</name>
         <value>0x8be3</value>
         <object_component_ref idref="oc-131"/>
      </symbol>
      <symbol id="sm-686">
         <name>__TI_wrt_ok</name>
         <value>0x92ce</value>
         <object_component_ref idref="oc-19f"/>
      </symbol>
      <symbol id="sm-687">
         <name>__TI_rd_ok</name>
         <value>0x9308</value>
         <object_component_ref idref="oc-19f"/>
      </symbol>
      <symbol id="sm-69f">
         <name>setvbuf</name>
         <value>0x9088</value>
         <object_component_ref idref="oc-236"/>
      </symbol>
      <symbol id="sm-6a9">
         <name>_c_int00</name>
         <value>0x9e83</value>
         <object_component_ref idref="oc-eb"/>
      </symbol>
      <symbol id="sm-6aa">
         <name>__stack</name>
         <value>0x400</value>
         <object_component_ref idref="oc-58"/>
      </symbol>
      <symbol id="sm-6b7">
         <name>__c28xabi_divf</name>
         <value>0x9000</value>
         <object_component_ref idref="oc-4ff"/>
      </symbol>
      <symbol id="sm-6bf">
         <name>__c28xabi_orll</name>
         <value>0x9ed6</value>
         <object_component_ref idref="oc-267"/>
      </symbol>
      <symbol id="sm-6c0">
         <name>__c28xabi_xorll</name>
         <value>0x9ede</value>
         <object_component_ref idref="oc-267"/>
      </symbol>
      <symbol id="sm-6c1">
         <name>__c28xabi_andll</name>
         <value>0x9ece</value>
         <object_component_ref idref="oc-267"/>
      </symbol>
      <symbol id="sm-6cb">
         <name>__c28xabi_cmpll</name>
         <value>0x9d44</value>
         <object_component_ref idref="oc-25d"/>
      </symbol>
      <symbol id="sm-6cc">
         <name>__c28xabi_cmpull</name>
         <value>0x9d56</value>
         <object_component_ref idref="oc-25d"/>
      </symbol>
      <symbol id="sm-6f3">
         <name>__c28xabi_modull</name>
         <value>0x89ac</value>
         <object_component_ref idref="oc-262"/>
      </symbol>
      <symbol id="sm-6f4">
         <name>__c28xabi_divull</name>
         <value>0x897d</value>
         <object_component_ref idref="oc-262"/>
      </symbol>
      <symbol id="sm-6f5">
         <name>__c28xabi_divll</name>
         <value>0x8907</value>
         <object_component_ref idref="oc-262"/>
      </symbol>
      <symbol id="sm-6f6">
         <name>__c28xabi_modll</name>
         <value>0x8943</value>
         <object_component_ref idref="oc-262"/>
      </symbol>
      <symbol id="sm-708">
         <name>memcpy</name>
         <value>0x9d62</value>
         <object_component_ref idref="oc-5e"/>
      </symbol>
      <symbol id="sm-715">
         <name>_system_pre_init</name>
         <value>0xcffc</value>
         <object_component_ref idref="oc-176"/>
      </symbol>
      <symbol id="sm-724">
         <name>__TI_auto_init_nobinit_nopinit</name>
         <value>0x9af1</value>
         <object_component_ref idref="oc-1ea"/>
      </symbol>
      <symbol id="sm-733">
         <name>__TI_zero_init_nomemset</name>
         <value>0x1f9</value>
         <object_component_ref idref="oc-66"/>
      </symbol>
      <symbol id="sm-740">
         <name>__TI_decompress_none</name>
         <value>0x273</value>
         <object_component_ref idref="oc-22"/>
      </symbol>
      <symbol id="sm-754">
         <name>__TI_decompress_lzss</name>
         <value>0x9a91</value>
         <object_component_ref idref="oc-1c"/>
      </symbol>
      <symbol id="sm-76a">
         <name>C$$EXIT</name>
         <value>0x9b45</value>
         <object_component_ref idref="oc-183"/>
      </symbol>
      <symbol id="sm-76b">
         <name>abort</name>
         <value>0x9b45</value>
         <object_component_ref idref="oc-183"/>
      </symbol>
      <symbol id="sm-76c">
         <name>exit</name>
         <value>0x9b47</value>
         <object_component_ref idref="oc-183"/>
      </symbol>
      <symbol id="sm-76d">
         <name>__TI_dtors_ptr</name>
         <value>0xabce</value>
         <object_component_ref idref="oc-222"/>
      </symbol>
      <symbol id="sm-76e">
         <name>__TI_cleanup_ptr</name>
         <value>0xabcc</value>
         <object_component_ref idref="oc-222"/>
      </symbol>
      <symbol id="sm-76f">
         <name>__TI_enable_exit_profile_output</name>
         <value>0xabca</value>
         <object_component_ref idref="oc-222"/>
      </symbol>
      <symbol id="sm-786">
         <name>_nop</name>
         <value>0x272</value>
         <object_component_ref idref="oc-1c8"/>
      </symbol>
      <symbol id="sm-787">
         <name>_lock</name>
         <value>0xabd4</value>
         <object_component_ref idref="oc-138"/>
      </symbol>
      <symbol id="sm-788">
         <name>_unlock</name>
         <value>0xabd6</value>
         <object_component_ref idref="oc-13b"/>
      </symbol>
      <symbol id="sm-789">
         <name>_register_lock</name>
         <value>0x26e</value>
         <object_component_ref idref="oc-1c8"/>
      </symbol>
      <symbol id="sm-78a">
         <name>_register_unlock</name>
         <value>0x26a</value>
         <object_component_ref idref="oc-1c8"/>
      </symbol>
      <symbol id="sm-799">
         <name>__TI_ltoa</name>
         <value>0x9ac1</value>
         <object_component_ref idref="oc-317"/>
      </symbol>
      <symbol id="sm-7a8">
         <name>_args_main</name>
         <value>0x213</value>
         <object_component_ref idref="oc-17d"/>
      </symbol>
      <symbol id="sm-7bd">
         <name>atoi</name>
         <value>0x9a60</value>
         <object_component_ref idref="oc-257"/>
      </symbol>
      <symbol id="sm-7c8">
         <name>_ctypes_</name>
         <value>0xabde</value>
         <object_component_ref idref="oc-30a"/>
      </symbol>
      <symbol id="sm-7dd">
         <name>__TI_tmpnams</name>
         <value>0xa920</value>
         <object_component_ref idref="oc-4bb"/>
      </symbol>
      <symbol id="sm-7de">
         <name>_ftable</name>
         <value>0xaab2</value>
         <object_component_ref idref="oc-9d"/>
      </symbol>
      <symbol id="sm-7df">
         <name>__TI_ft_end</name>
         <value>0xabd8</value>
         <object_component_ref idref="oc-149"/>
      </symbol>
      <symbol id="sm-7ef">
         <name>memccpy</name>
         <value>0x18a</value>
         <object_component_ref idref="oc-24f"/>
      </symbol>
      <symbol id="sm-7ff">
         <name>memchr</name>
         <value>0x206</value>
         <object_component_ref idref="oc-1ad"/>
      </symbol>
      <symbol id="sm-866">
         <name>_sys_memory</name>
         <value>0xa000</value>
         <object_component_ref idref="oc-59"/>
      </symbol>
      <symbol id="sm-867">
         <name>free</name>
         <value>0x802b</value>
         <object_component_ref idref="oc-2ec"/>
      </symbol>
      <symbol id="sm-868">
         <name>__TI_heap_total_available</name>
         <value>0x8258</value>
         <object_component_ref idref="oc-2ec"/>
      </symbol>
      <symbol id="sm-869">
         <name>__TI_heap_largest_available</name>
         <value>0x8277</value>
         <object_component_ref idref="oc-2ec"/>
      </symbol>
      <symbol id="sm-86a">
         <name>realloc</name>
         <value>0x80f5</value>
         <object_component_ref idref="oc-2ec"/>
      </symbol>
      <symbol id="sm-86b">
         <name>memalign</name>
         <value>0x81aa</value>
         <object_component_ref idref="oc-2ec"/>
      </symbol>
      <symbol id="sm-86c">
         <name>calloc</name>
         <value>0x817d</value>
         <object_component_ref idref="oc-2ec"/>
      </symbol>
      <symbol id="sm-86d">
         <name>malloc</name>
         <value>0x8000</value>
         <object_component_ref idref="oc-2ec"/>
      </symbol>
      <symbol id="sm-86e">
         <name>__TI_heap_check</name>
         <value>0x8296</value>
         <object_component_ref idref="oc-2ec"/>
      </symbol>
      <symbol id="sm-86f">
         <name>aligned_alloc</name>
         <value>0x81aa</value>
         <object_component_ref idref="oc-2ec"/>
      </symbol>
      <symbol id="sm-870">
         <name>minit</name>
         <value>0x8179</value>
         <object_component_ref idref="oc-2ec"/>
      </symbol>
      <symbol id="sm-87f">
         <name>memset</name>
         <value>0x2a7</value>
         <object_component_ref idref="oc-e4"/>
      </symbol>
      <symbol id="sm-88f">
         <name>strchr</name>
         <value>0x21f</value>
         <object_component_ref idref="oc-329"/>
      </symbol>
      <symbol id="sm-89d">
         <name>strcpy</name>
         <value>0x2b4</value>
         <object_component_ref idref="oc-249"/>
      </symbol>
      <symbol id="sm-8ab">
         <name>strlen</name>
         <value>0x283</value>
         <object_component_ref idref="oc-1a7"/>
      </symbol>
      <symbol id="sm-8b9">
         <name>write</name>
         <value>0x9eb5</value>
         <object_component_ref idref="oc-143"/>
      </symbol>
      <symbol id="sm-8c9">
         <name>_stream</name>
         <value>0xab72</value>
         <object_component_ref idref="oc-1d9"/>
      </symbol>
      <symbol id="sm-8ca">
         <name>_device</name>
         <value>0xab2a</value>
         <object_component_ref idref="oc-281"/>
      </symbol>
      <symbol id="sm-8d5">
         <name>errno</name>
         <value>0xabd9</value>
         <object_component_ref idref="oc-272"/>
      </symbol>
      <symbol id="sm-8e4">
         <name>frexpl</name>
         <value>0x8fa7</value>
         <object_component_ref idref="oc-31d"/>
      </symbol>
      <symbol id="sm-8e5">
         <name>frexp</name>
         <value>0x8fa7</value>
         <object_component_ref idref="oc-31d"/>
      </symbol>
      <symbol id="sm-8f9">
         <name>scalbn</name>
         <value>0x8dd9</value>
         <object_component_ref idref="oc-323"/>
      </symbol>
      <symbol id="sm-8fa">
         <name>scalbnl</name>
         <value>0x8dd9</value>
         <object_component_ref idref="oc-323"/>
      </symbol>
      <symbol id="sm-8fb">
         <name>ldexpl</name>
         <value>0x8dd9</value>
         <object_component_ref idref="oc-323"/>
      </symbol>
      <symbol id="sm-8fc">
         <name>ldexp</name>
         <value>0x8dd9</value>
         <object_component_ref idref="oc-323"/>
      </symbol>
      <symbol id="sm-90b">
         <name>wcslen</name>
         <value>0x241</value>
         <object_component_ref idref="oc-26c"/>
      </symbol>
      <symbol id="sm-944">
         <name>__TI_cleanup</name>
         <value>0x8472</value>
         <object_component_ref idref="oc-2f2"/>
      </symbol>
      <symbol id="sm-945">
         <name>freopen</name>
         <value>0x848f</value>
         <object_component_ref idref="oc-2f2"/>
      </symbol>
      <symbol id="sm-946">
         <name>fopen</name>
         <value>0x84ad</value>
         <object_component_ref idref="oc-2f2"/>
      </symbol>
      <symbol id="sm-957">
         <name>fseeko</name>
         <value>0x983d</value>
         <object_component_ref idref="oc-230"/>
      </symbol>
      <symbol id="sm-958">
         <name>fseek</name>
         <value>0x983d</value>
         <object_component_ref idref="oc-230"/>
      </symbol>
      <symbol id="sm-960">
         <name>__c28xabi_divul</name>
         <value>0xc7f3</value>
         <object_component_ref idref="oc-41f"/>
      </symbol>
      <symbol id="sm-961">
         <name>__c28xabi_modul</name>
         <value>0xc7fa</value>
         <object_component_ref idref="oc-41f"/>
      </symbol>
      <symbol id="sm-962">
         <name>__c28xabi_modl</name>
         <value>0xc7e5</value>
         <object_component_ref idref="oc-41f"/>
      </symbol>
      <symbol id="sm-963">
         <name>__c28xabi_divl</name>
         <value>0xc7d6</value>
         <object_component_ref idref="oc-41f"/>
      </symbol>
      <symbol id="sm-971">
         <name>_system_post_cinit</name>
         <value>0xcffe</value>
         <object_component_ref idref="oc-28d"/>
      </symbol>
      <symbol id="sm-97e">
         <name>HOSTclose</name>
         <value>0x9b6e</value>
         <object_component_ref idref="oc-336"/>
      </symbol>
      <symbol id="sm-98b">
         <name>HOSTlseek</name>
         <value>0x9394</value>
         <object_component_ref idref="oc-348"/>
      </symbol>
      <symbol id="sm-99e">
         <name>parmbuf</name>
         <value>0xaaa8</value>
         <object_component_ref idref="oc-432"/>
      </symbol>
      <symbol id="sm-99f">
         <name>HOSTopen</name>
         <value>0x987a</value>
         <object_component_ref idref="oc-330"/>
      </symbol>
      <symbol id="sm-9ad">
         <name>HOSTread</name>
         <value>0x98ed</value>
         <object_component_ref idref="oc-33c"/>
      </symbol>
      <symbol id="sm-9ba">
         <name>HOSTrename</name>
         <value>0x9794</value>
         <object_component_ref idref="oc-354"/>
      </symbol>
      <symbol id="sm-9c7">
         <name>HOSTunlink</name>
         <value>0x9c2c</value>
         <object_component_ref idref="oc-34e"/>
      </symbol>
      <symbol id="sm-9d5">
         <name>HOSTwrite</name>
         <value>0x98b4</value>
         <object_component_ref idref="oc-342"/>
      </symbol>
      <symbol id="sm-9f2">
         <name>__TI_readmsg</name>
         <value>0x8f6a</value>
         <object_component_ref idref="oc-435"/>
      </symbol>
      <symbol id="sm-9f3">
         <name>C$$IO$$</name>
         <value>0x8f65</value>
         <object_component_ref idref="oc-435"/>
      </symbol>
      <symbol id="sm-9f4">
         <name>__CIOBUF_</name>
         <value>0xa800</value>
         <object_component_ref idref="oc-4dd"/>
      </symbol>
      <symbol id="sm-9f5">
         <name>__TI_writemsg</name>
         <value>0x8f12</value>
         <object_component_ref idref="oc-435"/>
      </symbol>
      <symbol id="sm-a0e">
         <name>open</name>
         <value>0x925d</value>
         <object_component_ref idref="oc-3fb"/>
      </symbol>
      <symbol id="sm-a1c">
         <name>lseek</name>
         <value>0x9ee6</value>
         <object_component_ref idref="oc-2e4"/>
      </symbol>
      <symbol id="sm-a29">
         <name>copysign</name>
         <value>0x9b97</value>
         <object_component_ref idref="oc-428"/>
      </symbol>
      <symbol id="sm-a2a">
         <name>copysignl</name>
         <value>0x9b97</value>
         <object_component_ref idref="oc-428"/>
      </symbol>
      <symbol id="sm-a3c">
         <name>__TI_closefile</name>
         <value>0x94b3</value>
         <object_component_ref idref="oc-401"/>
      </symbol>
      <symbol id="sm-a3d">
         <name>fclose</name>
         <value>0x94f7</value>
         <object_component_ref idref="oc-401"/>
      </symbol>
      <symbol id="sm-a4f">
         <name>finddevice</name>
         <value>0x9673</value>
         <object_component_ref idref="oc-4ad"/>
      </symbol>
      <symbol id="sm-a50">
         <name>getdevice</name>
         <value>0x968e</value>
         <object_component_ref idref="oc-4ad"/>
      </symbol>
      <symbol id="sm-a5f">
         <name>strcmp</name>
         <value>0x260</value>
         <object_component_ref idref="oc-5b9"/>
      </symbol>
      <symbol id="sm-a70">
         <name>strncpy</name>
         <value>0x69</value>
         <object_component_ref idref="oc-5bf"/>
      </symbol>
      <symbol id="sm-a82">
         <name>close</name>
         <value>0x9a2d</value>
         <object_component_ref idref="oc-4b5"/>
      </symbol>
      <symbol id="sm-a8f">
         <name>unlink</name>
         <value>0x9e9c</value>
         <object_component_ref idref="oc-4be"/>
      </symbol>
      <symbol id="sm-a91">
         <name>__c_args__</name>
         <value>0x0</value>
      </symbol>
      <symbol id="sm-a92">
         <name>remove</name>
         <value>0x9e9c</value>
      </symbol>
   </symbol_table>
   <title>Link errors: red sections failed placement,available memory ranges in purple</title>
</link_info>
